******************************************************************************
               TMS320C6x Linker PC v7.4.4                      
******************************************************************************
>> Linked Sat Jun 04 19:38:01 2022

OUTPUT FILE NAME:   <GTZ_all_freq.out>
ENTRY POINT SYMBOL: "_c_int00"  address: 0080cf20


MEMORY CONFIGURATION

         name            origin    length      used     unused   attr    fill
----------------------  --------  ---------  --------  --------  ----  --------
  L2SRAM                00800000   00080000  00019e86  0006617a  RW X
  MSMCSRAM              0c000000   00400000  00000000  00400000  RW X
  DDR2                  80000000   10000000  00000000  10000000  RWIX


SEGMENT ALLOCATION MAP

run origin  load origin   length   init length attrs members
----------  ----------- ---------- ----------- ----- -------
00800000    00800000    0001425a   0001425a    r-x
  00800000    00800000    00010c20   00010c20    r-x .text
  00810c20    00810c20    0000363a   0000363a    r-- .const
00814260    00814260    00004638   00000000    rw-
  00814260    00814260    00003638   00000000    rw- .far
  00817898    00817898    00001000   00000000    rw- .stack
00818898    00818898    00000ada   00000ab4    rw-
  00818898    00818898    00000ab4   00000ab4    rw- .fardata
  0081934c    0081934c    00000026   00000000    rw- .bss
00819374    00819374    00000014   00000014    rw-
  00819374    00819374    00000014   00000014    rw- .neardata
00819400    00819400    00000200   00000200    r-x
  00819400    00819400    00000200   00000200    r-x .vecs
00819600    00819600    00000120   00000000    rw-
  00819600    00819600    00000120   00000000    rw- .cio
00819720    00819720    000007e4   000007e4    r--
  00819720    00819720    000007e4   000007e4    r-- .cinit


SECTION ALLOCATION MAP

 output                                  attributes/
section   page    origin      length       input sections
--------  ----  ----------  ----------   ----------------
.init_array 
*          0    00800000    00000000     UNINITIALIZED

xdc.meta   0    00800000    00000108     COPY SECTION
                  00800000    00000108     Sys_BIOs_config_pe66.oe66 (xdc.meta)

.text      0    00800000    00010c20     
                  00800000    000008a0     sysbios.ae66 : BIOS.obj (.text:ti_sysbios_family_c64p_Exception_handler__I)
                  008008a0    000008a0     ti.targets.rts6000.ae66 : System.oe66 (.text:xdc_runtime_System_doPrint__I)
                  00801140    00000600     sysbios.ae66 : BIOS.obj (.text:ti_sysbios_heaps_HeapMem_alloc__E)
                  00801740    00000600                  : BIOS.obj (.text:ti_sysbios_knl_Semaphore_pend__E)
                  00801d40    000005e0                  : BIOS.obj (.text:ti_sysbios_heaps_HeapMem_free__E)
                  00802320    000005a0                  : BIOS.obj (.text:ti_sysbios_timers_timer64_Timer_Module_startup__F)
                  008028c0    00000500                  : BIOS.obj (.text:ti_sysbios_utils_Load_update__E)
                  00802dc0    00000420                  : BIOS.obj (.text:ti_sysbios_knl_Task_sleep__E)
                  008031e0    00000420                  : BIOS.obj (.text:ti_sysbios_utils_Load_logLoads__I)
                  00803600    00000340     main_gtz.obj (.text)
                  00803940    00000300     sysbios.ae66 : BIOS.obj (.text:ti_sysbios_family_c64p_Hwi_dispatchC__I)
                  00803c40    000002e0                  : BIOS.obj (.text:ti_sysbios_heaps_HeapMem_Instance_init__F)
                  00803f20    000002c0     ti.uia.runtime.ae66 : LoggerProbePoint.oe66 (.text:ti_uia_runtime_LoggerProbePoint_write8__E)
                  008041e0    000002c0                         : LoggerStopMode.oe66 (.text:ti_uia_runtime_LoggerStopMode_write8__E)
                  008044a0    000002a0     sysbios.ae66 : BIOS.obj (.text:ti_sysbios_knl_Clock_Instance_init__F)
                  00804740    000002a0                  : BIOS.obj (.text:ti_sysbios_knl_Clock_workFunc__E)
                  008049e0    000002a0                  : BIOS.obj (.text:ti_sysbios_timers_timer64_Timer_deviceConfig__I)
                  00804c80    00000280     rts6600_elf.lib : sin.obj (.text:sin)
                  00804f00    00000280     ti.uia.runtime.ae66 : LoggerStopMode.oe66 (.text:ti_uia_runtime_LoggerStopMode_writeMemoryRange__E)
                  00805180    00000280     ti.targets.rts6000.ae66 : Error.oe66 (.text:xdc_runtime_Error_raiseX__F)
                  00805400    00000260     sysbios.ae66 : BIOS.obj (.text:ti_sysbios_family_c64p_Exception_internalHandler__I)
                  00805660    00000260                  : BIOS.obj (.text:ti_sysbios_knl_Semaphore_post__E)
                  008058c0    00000260     ti.uia.runtime.ae66 : LoggerProbePoint.oe66 (.text:ti_uia_runtime_LoggerProbePoint_write4__E)
                  00805b20    00000260                         : LoggerProbePoint.oe66 (.text:ti_uia_runtime_LoggerProbePoint_writeMemoryRange__E)
                  00805d80    00000260     ti.targets.rts6000.ae66 : Startup.oe66 (.text:xdc_runtime_Startup_startMods__I)
                  00805fe0    00000260     Sys_BIOs_config_pe66.oe66 (.text:xdc_runtime_System_printfExtend__I)
                  00806240    00000240     rts6600_elf.lib : imath64.obj (.text:__c6xabi_divull)
                  00806480    00000240     sysbios.ae66 : BIOS.obj (.text:ti_sysbios_knl_Task_exit__E)
                  008066c0    00000240     ti.uia.runtime.ae66 : LoggerProbePoint.oe66 (.text:ti_uia_runtime_LoggerProbePoint_write0__E)
                  00806900    00000240                         : LoggerProbePoint.oe66 (.text:ti_uia_runtime_LoggerProbePoint_write1__E)
                  00806b40    00000240                         : LoggerProbePoint.oe66 (.text:ti_uia_runtime_LoggerProbePoint_write2__E)
                  00806d80    00000240                         : LoggerStopMode.oe66 (.text:ti_uia_runtime_LoggerStopMode_write4__E)
                  00806fc0    00000240     ti.targets.rts6000.ae66 : LoggerBuf.oe66 (.text:xdc_runtime_LoggerBuf_write8__F)
                  00807200    00000220     sysbios.ae66 : BIOS.obj (.text:ti_sysbios_knl_Swi_run__I)
                  00807420    00000220                  : BIOS.obj (.text:ti_sysbios_knl_Task_schedule__I)
                  00807640    00000220                  : BIOS.obj (.text:ti_sysbios_knl_Task_startCore__E)
                  00807860    00000220     ti.targets.rts6000.ae66 : Core-mem.oe66 (.text:xdc_runtime_Core_createObject__I)
                  00807a80    00000200     sysbios.ae66 : c64p_Hwi_disp_always.obj (.text:_ti_sysbios_family_c64p_Hwi_dispatchAlways)
                  00807c80    00000200                  : BIOS.obj (.text:ti_sysbios_utils_Load_taskDeleteHook__E)
                  00807e80    000001e0                  : BIOS.obj (.text:ti_sysbios_family_c64p_Exception_externalHandler__I)
                  00808060    000001e0                  : BIOS.obj (.text:ti_sysbios_knl_Task_checkStacks__E)
                  00808240    000001e0                  : BIOS.obj (.text:ti_sysbios_knl_Task_postInit__I)
                  00808420    000001e0                  : BIOS.obj (.text:ti_sysbios_timers_timer64_Timer_getFreq__E)
                  00808600    000001e0                  : BIOS.obj (.text:ti_sysbios_utils_Load_idleFxn__E)
                  008087e0    000001c0                  : BIOS.obj (.text:ti_sysbios_family_c64p_Exception_decodeMpfsr__I)
                  008089a0    000001c0                  : BIOS.obj (.text:ti_sysbios_gates_GateMutex_enter__E)
                  00808b60    000001c0                  : BIOS.obj (.text:ti_sysbios_timers_timer64_Timer_setPeriodMicroSecs__E)
                  00808d20    000001c0     ti.targets.rts6000.ae66 : Text.oe66 (.text:xdc_runtime_Text_putSite__F)
                  00808ee0    000001a0     sysbios.ae66 : BIOS.obj (.text:ti_sysbios_timers_timer64_Timer_start__E)
                  00809080    000001a0     ti.targets.rts6000.ae66 : LoggerBuf.oe66 (.text:xdc_runtime_LoggerBuf_write4__F)
                  00809220    00000180     rts6600_elf.lib : copy_decompress_rle.obj (.text:__TI_decompress_rle_core)
                  008093a0    00000180     sysbios.ae66 : c64p_Exception_asm.obj (.text)
                  00809520    00000180                  : BIOS.obj (.text:ti_sysbios_knl_Swi_schedule__I)
                  008096a0    00000180                  : BIOS.obj (.text:ti_sysbios_knl_Task_unblockI__E)
                  00809820    00000160                  : BIOS.obj (.text:ti_sysbios_utils_Load_taskCreateHook__E)
                  00809980    00000140     boot.ae66 : autoinit.oe66 (.text:_auto_init_elf)
                  00809ac0    00000140     sysbios.ae66 : BIOS.obj (.text:ti_sysbios_family_c64p_Exception_Module_startup__F)
                  00809c00    00000140                  : BIOS.obj (.text:ti_sysbios_family_c64p_Hwi_Module_startup__F)
                  00809d40    00000140                  : BIOS.obj (.text:ti_sysbios_family_c66_Cache_Module_startup__F)
                  00809e80    00000140                  : BIOS.obj (.text:ti_sysbios_knl_Semaphore_Instance_init__F)
                  00809fc0    00000140                  : BIOS.obj (.text:ti_sysbios_knl_Swi_post__E)
                  0080a100    00000140                  : BIOS.obj (.text:ti_sysbios_knl_Task_Module_startup__F)
                  0080a240    00000140                  : BIOS.obj (.text:ti_sysbios_knl_Task_blockI__E)
                  0080a380    00000140     ti.targets.rts6000.ae66 : Text.oe66 (.text:xdc_runtime_Text_putLab__F)
                  0080a4c0    00000120     sysbios.ae66 : BIOS.obj (.text:ti_sysbios_BIOS_rtsUnlock__I)
                  0080a5e0    00000120                  : BIOS.obj (.text:ti_sysbios_knl_Clock_startI__E)
                  0080a700    00000120     ti.uia.runtime.ae66 : LoggerProbePoint.oe66 (.text:ti_uia_runtime_LoggerProbePoint_setFilterLevel__E)
                  0080a820    00000120                         : LoggerStopMode.oe66 (.text:ti_uia_runtime_LoggerStopMode_setFilterLevel__E)
                  0080a940    00000120                         : QueueDescriptor.oe66 (.text:ti_uia_runtime_QueueDescriptor_addToList__E)
                  0080aa60    00000120     ti.targets.rts6000.ae66 : LoggerBuf.oe66 (.text:xdc_runtime_LoggerBuf_setFilterLevel__F)
                  0080ab80    00000120                             : Text.oe66 (.text:xdc_runtime_Text_putMod__F)
                  0080aca0    00000100     sysbios.ae66 : BIOS.obj (.text:ti_sysbios_knl_Swi_restoreHwi__E)
                  0080ada0    00000100                  : BIOS.obj (.text:ti_sysbios_timers_timer64_Timer_initDevice__I)
                  0080aea0    00000100                  : BIOS.obj (.text:ti_sysbios_utils_Load_addTask__E)
                  0080afa0    00000100     ti.uia.runtime.ae66 : LoggerProbePoint.oe66 (.text:ti_uia_runtime_LoggerProbePoint_getFilterLevel__E)
                  0080b0a0    00000100                         : LoggerStopMode.oe66 (.text:ti_uia_runtime_LoggerStopMode_getContents__E)
                  0080b1a0    00000100                         : LoggerStopMode.oe66 (.text:ti_uia_runtime_LoggerStopMode_getFilterLevel__E)
                  0080b2a0    00000100     ti.targets.rts6000.ae66 : Core-mem.oe66 (.text:xdc_runtime_Core_deleteObject__I)
                  0080b3a0    00000100                             : LoggerBuf.oe66 (.text:xdc_runtime_LoggerBuf_getFilterLevel__F)
                  0080b4a0    00000100                             : Startup.oe66 (.text:xdc_runtime_Startup_exec__F)
                  0080b5a0    00000100                             : Text.oe66 (.text:xdc_runtime_Text_visitRope2__I)
                  0080b6a0    000000e0     rts6600_elf.lib : copy_zero_init.obj (.text:decompress:ZI:__TI_zero_init)
                  0080b780    000000e0                     : memset.obj (.text:memset)
                  0080b860    000000e0     sysbios.ae66 : BIOS.obj (.text:ti_sysbios_knl_Clock_start__E)
                  0080b940    000000e0     Sys_BIOs_config_pe66.oe66 (.text:ti_uia_runtime_LoggerProbePoint_Object__create__S)
                  0080ba20    000000e0     ti.uia.runtime.ae66 : LoggerProbePoint.oe66 (.text:ti_uia_runtime_LoggerProbePoint_getContents__E)
                  0080bb00    000000e0                         : LoggerProbePoint.oe66 (.text:ti_uia_runtime_LoggerProbePoint_writeBlockOfMemory__I)
                  0080bbe0    000000e0     Sys_BIOs_config_pe66.oe66 (.text:ti_uia_runtime_LoggerStopMode_Object__create__S)
                  0080bcc0    000000e0     ti.uia.runtime.ae66 : LoggerStopMode.oe66 (.text:ti_uia_runtime_LoggerStopMode_writeBlockOfMemory__I)
                  0080bda0    000000e0                         : QueueDescriptor.oe66 (.text:ti_uia_runtime_QueueDescriptor_removeFromList__E)
                  0080be80    000000e0     ti.targets.rts6000.ae66 : Error.oe66 (.text:xdc_runtime_Error_print__F)
                  0080bf60    000000e0     Sys_BIOs_config_pe66.oe66 (.text:xdc_runtime_LoggerBuf_Object__create__S)
                  0080c040    000000e0     ti.targets.rts6000.ae66 : Memory.oe66 (.text:xdc_runtime_Memory_alloc__F)
                  0080c120    000000c0     rts6600_elf.lib : trgdrv.obj (.text:HOSTwrite)
                  0080c1e0    000000c0                     : dtor_list.obj (.text:_Z11__TI_atexitPFYvPvES_S_)
                  0080c2a0    000000c0                     : dtor_list.obj (.text:__cxa_finalize)
                  0080c360    000000c0                     : divu.obj (.text:__divu)
                  0080c420    000000c0                     : exit.obj (.text:exit)
                  0080c4e0    000000c0     sysbios.ae66 : BIOS.obj (.text:ti_sysbios_BIOS_errorRaiseHook__I)
                  0080c5a0    000000c0                  : BIOS.obj (.text:ti_sysbios_heaps_HeapMem_getStats__E)
                  0080c660    000000c0                  : BIOS.obj (.text:ti_sysbios_knl_Clock_logTick__E)
                  0080c720    000000c0                  : BIOS.obj (.text:ti_sysbios_knl_Task_allBlockedFunction__I)
                  0080c7e0    000000c0                  : BIOS.obj (.text:ti_sysbios_timers_timer64_Timer_startup__E)
                  0080c8a0    000000c0                  : BIOS.obj (.text:ti_sysbios_utils_Load_taskSwitchHook__E)
                  0080c960    000000c0     ti.uia.runtime.ae66 : LoggerProbePoint.oe66 (.text:ti_uia_runtime_LoggerProbePoint_Instance_init__F)
                  0080ca20    000000c0                         : LoggerProbePoint.oe66 (.text:ti_uia_runtime_LoggerProbePoint_Module_startup__F)
                  0080cae0    000000c0                         : LoggerStopMode.oe66 (.text:ti_uia_runtime_LoggerStopMode_Instance_init__F)
                  0080cba0    000000c0                         : LoggerStopMode.oe66 (.text:ti_uia_runtime_LoggerStopMode_Module_startup__F)
                  0080cc60    000000c0     ti.targets.rts6000.ae66 : LoggerBuf.oe66 (.text:xdc_runtime_LoggerBuf_Instance_init__F)
                  0080cd20    000000c0                             : System.oe66 (.text:xdc_runtime_System_formatNum__I)
                  0080cde0    000000a0     rts6600_elf.lib : round.obj (.text:__c6xabi_nround)
                  0080ce80    000000a0                     : remu.obj (.text:__remu)
                  0080cf20    000000a0     boot.ae66 : boot.oe66 (.text:_c_int00)
                  0080cfc0    000000a0     rts6600_elf.lib : memcpy64.obj (.text:memcpy)
                  0080d060    000000a0                     : modf.obj (.text:modf)
                  0080d100    000000a0     sysbios.ae66 : BIOS.obj (.text:ti_sysbios_family_c64p_Hwi_getStackInfo__E)
                  0080d1a0    000000a0                  : BIOS.obj (.text:ti_sysbios_heaps_HeapMem_init__I)
                  0080d240    000000a0     Sys_BIOs_config_pe66.oe66 (.text:ti_sysbios_knl_Clock_Object__create__S)
                  0080d2e0    000000a0     sysbios.ae66 : BIOS.obj (.text:ti_sysbios_knl_Idle_run__E)
                  0080d380    000000a0                  : BIOS.obj (.text:ti_sysbios_knl_Semaphore_pendTimeout__I)
                  0080d420    000000a0                  : BIOS.obj (.text:ti_sysbios_knl_Task_processVitalTaskFlag__I)
                  0080d4c0    000000a0                  : BIOS.obj (.text:ti_sysbios_timers_timer64_Timer_stop__E)
                  0080d560    000000a0     ti.uia.runtime.ae66 : LoggerProbePoint.oe66 (.text:ti_uia_runtime_LoggerProbePoint_readBlockOfMemory__I)
                  0080d600    000000a0                         : LoggerStopMode.oe66 (.text:ti_uia_runtime_LoggerStopMode_readBlockOfMemory__I)
                  0080d6a0    000000a0     ti.targets.rts6000.ae66 : Assert.oe66 (.text:xdc_runtime_Assert_raise__I)
                  0080d740    000000a0                             : LoggerBuf.oe66 (.text:xdc_runtime_LoggerBuf_Module_startup__F)
                  0080d7e0    000000a0                             : SysMin.oe66 (.text:xdc_runtime_SysMin_abort__F)
                  0080d880    000000a0                             : SysMin.oe66 (.text:xdc_runtime_SysMin_flush__F)
                  0080d920    000000a0                             : SysMin.oe66 (.text:xdc_runtime_SysMin_putch__F)
                  0080d9c0    000000a0                             : Text.oe66 (.text:xdc_runtime_Text_xprintf__I)
                  0080da60    00000080     rts6600_elf.lib : llshift.obj (.text:__c6xabi_llshl)
                  0080dae0    00000080     sysbios.ae66 : c62_TaskSupport_asm.obj (.text:_ti_sysbios_family_c62_TaskSupport_swap__E)
                  0080db60    00000080     Sys_BIOs_config_pe66.oe66 (.text:malloc)
                  0080dbe0    00000080     rts6600_elf.lib : trgmsg.obj (.text:readmsg)
                  0080dc60    00000080     Sys_BIOs_config_pe66.oe66 (.text:ti_sysbios_BIOS_exitFunc__I)
                  0080dce0    00000080     sysbios.ae66 : BIOS.obj (.text:ti_sysbios_BIOS_registerRTSLock__I)
                  0080dd60    00000080     Sys_BIOs_config_pe66.oe66 (.text:ti_sysbios_gates_GateHwi_Object__create__S)
                  0080dde0    00000080     Sys_BIOs_config_pe66.oe66 (.text:ti_sysbios_gates_GateMutex_Object__create__S)
                  0080de60    00000080     sysbios.ae66 : BIOS.obj (.text:ti_sysbios_hal_Hwi_checkStack:ti_sysbios_hal_Hwi_checkStack)
                  0080dee0    00000080                  : BIOS.obj (.text:ti_sysbios_hal_Hwi_initStack:ti_sysbios_hal_Hwi_initStack)
                  0080df60    00000080     Sys_BIOs_config_pe66.oe66 (.text:ti_sysbios_heaps_HeapMem_Object__create__S)
                  0080dfe0    00000080     sysbios.ae66 : BIOS.obj (.text:ti_sysbios_knl_Clock_Module_startup__F)
                  0080e060    00000080     Sys_BIOs_config_pe66.oe66 (.text:ti_sysbios_knl_Clock_doTick__I)
                  0080e0e0    00000080     sysbios.ae66 : BIOS.obj (.text:ti_sysbios_knl_Clock_getTicks__E)
                  0080e160    00000080     Sys_BIOs_config_pe66.oe66 (.text:ti_sysbios_knl_Queue_Object__create__S)
                  0080e1e0    00000080     Sys_BIOs_config_pe66.oe66 (.text:ti_sysbios_knl_Semaphore_Object__create__S)
                  0080e260    00000080     sysbios.ae66 : BIOS.obj (.text:ti_sysbios_knl_Swi_startup__E)
                  0080e2e0    00000080                  : BIOS.obj (.text:ti_sysbios_knl_Task_restore__E)
                  0080e360    00000080                  : BIOS.obj (.text:ti_sysbios_timers_timer64_Timer_getCount__E)
                  0080e3e0    00000080                  : BIOS.obj (.text:ti_sysbios_timers_timer64_Timer_getPeriod__E)
                  0080e460    00000080     ti.uia.runtime.ae66 : LoggerProbePoint.oe66 (.text:ti_uia_runtime_LoggerProbePoint_disable__E)
                  0080e4e0    00000080                         : LoggerProbePoint.oe66 (.text:ti_uia_runtime_LoggerProbePoint_enable__E)
                  0080e560    00000080                         : LoggerProbePoint.oe66 (.text:ti_uia_runtime_LoggerProbePoint_filterOutEvent__I)
                  0080e5e0    00000080                         : LoggerProbePoint.oe66 (.text:ti_uia_runtime_LoggerProbePoint_reset__F)
                  0080e660    00000080                         : LoggerStopMode.oe66 (.text:ti_uia_runtime_LoggerStopMode_disable__E)
                  0080e6e0    00000080                         : LoggerStopMode.oe66 (.text:ti_uia_runtime_LoggerStopMode_enable__E)
                  0080e760    00000080                         : LoggerStopMode.oe66 (.text:ti_uia_runtime_LoggerStopMode_filterOutEvent__I)
                  0080e7e0    00000080                         : LoggerStopMode.oe66 (.text:ti_uia_runtime_LoggerStopMode_reset__F)
                  0080e860    00000080     ti.targets.rts6000.ae66 : Core-label.oe66 (.text:xdc_runtime_Core_assignLabel__I)
                  0080e8e0    00000080                             : Core-params.oe66 (.text:xdc_runtime_Core_assignParams__I)
                  0080e960    00000080                             : LoggerBuf.oe66 (.text:xdc_runtime_LoggerBuf_filterOutEvent__I)
                  0080e9e0    00000080     Sys_BIOs_config_pe66.oe66 (.text:xdc_runtime_SysMin_output__I)
                  0080ea60    00000080     ti.targets.rts6000.ae66 : System.oe66 (.text:xdc_runtime_System_atexit__F)
                  0080eae0    00000080                             : System.oe66 (.text:xdc_runtime_System_putchar__I)
                  0080eb60    00000080                             : System.oe66 (.text:xdc_runtime_System_rtsExit__I)
                  0080ebe0    00000080                             : Text.oe66 (.text:xdc_runtime_Text_printVisFxn__I)
                  0080ec60    00000060     rts6600_elf.lib : llshift.obj (.text:__c6xabi_llshru)
                  0080ecc0    00000060                     : imath64.obj (.text:_subcull)
                  0080ed20    00000060     sysbios.ae66 : BIOS.obj (.text:ti_sysbios_BIOS_rtsLock__I)
                  0080ed80    00000060                  : BIOS.obj (.text:ti_sysbios_family_c62_TaskSupport_start__E)
                  0080ede0    00000060                  : BIOS.obj (.text:ti_sysbios_gates_GateMutex_Instance_init__F)
                  0080ee40    00000060     Sys_BIOs_config_pe66.oe66 (.text:ti_sysbios_gates_GateMutex_Object__delete__S)
                  0080eea0    00000060     sysbios.ae66 : BIOS.obj (.text:ti_sysbios_knl_Swi_Module_startup__F)
                  0080ef00    00000060                  : BIOS.obj (.text:ti_sysbios_knl_Task_enter__I)
                  0080ef60    00000060                  : BIOS.obj (.text:ti_sysbios_knl_Task_sleepTimeout__I)
                  0080efc0    00000060     ti.uia.runtime.ae66 : LogSync.oe66 (.text:ti_uia_runtime_LogSync_Module_startup__F)
                  0080f020    00000060                         : LoggerProbePoint.oe66 (.text:ti_uia_runtime_LoggerProbePoint_Instance_finalize__F)
                  0080f080    00000060     Sys_BIOs_config_pe66.oe66 (.text:ti_uia_runtime_LoggerProbePoint_Object__delete__S)
                  0080f0e0    00000060     ti.uia.runtime.ae66 : LoggerStopMode.oe66 (.text:ti_uia_runtime_LoggerStopMode_Instance_finalize__F)
                  0080f140    00000060     Sys_BIOs_config_pe66.oe66 (.text:ti_uia_runtime_LoggerStopMode_Object__delete__S)
                  0080f1a0    00000060     rts6600_elf.lib : trgmsg.obj (.text:writemsg)
                  0080f200    00000060     Sys_BIOs_config_pe66.oe66 (.text:xdc_runtime_LoggerBuf_Object__delete__S)
                  0080f260    00000060     ti.targets.rts6000.ae66 : Memory.oe66 (.text:xdc_runtime_Memory_calloc__F)
                  0080f2c0    00000060                             : SysMin.oe66 (.text:xdc_runtime_SysMin_Module_startup__F)
                  0080f320    00000060                             : SysMin.oe66 (.text:xdc_runtime_SysMin_exit__F)
                  0080f380    00000060                             : System.oe66 (.text:xdc_runtime_System_avprintf__F)
                  0080f3e0    00000060                             : System.oe66 (.text:xdc_runtime_System_vprintf__F)
                  0080f440    00000060                             : Text.oe66 (.text:xdc_runtime_Text_cordText__F)
                  0080f4a0    00000040     rts6600_elf.lib : args_main.obj (.text:_args_main)
                  0080f4e0    00000040     sysbios.ae66 : c62_TaskSupport_asm.obj (.text:_ti_sysbios_family_c62_TaskSupport_buildTaskStack)
                  0080f520    00000040                  : c64p_Hwi_asm_switch.obj (.text:_ti_sysbios_family_xxx_Hwi_switchToIsrStack)
                  0080f560    00000040     Sys_BIOs_config_pe66.oe66 (.text:free)
                  0080f5a0    00000040     Sys_BIOs_config_pe66.oe66 (.text:ti_sysbios_BIOS_startFunc__I)
                  0080f5e0    00000040     Sys_BIOs_config_pe66.oe66 (.text:ti_sysbios_family_c64p_Hwi_Module__startupDone__F)
                  0080f620    00000040     sysbios.ae66 : BIOS.obj (.text:ti_sysbios_family_c64p_Hwi_disableInterrupt__E)
                  0080f660    00000040                  : BIOS.obj (.text:ti_sysbios_family_c64p_Hwi_enableInterrupt__E)
                  0080f6a0    00000040     Sys_BIOs_config_pe66.oe66 (.text:ti_sysbios_gates_GateHwi_Handle__label__S)
                  0080f6e0    00000040     Sys_BIOs_config_pe66.oe66 (.text:ti_sysbios_gates_GateHwi_Object__delete__S)
                  0080f720    00000040     Sys_BIOs_config_pe66.oe66 (.text:ti_sysbios_gates_GateMutex_Handle__label__S)
                  0080f760    00000040     sysbios.ae66 : BIOS.obj (.text:ti_sysbios_gates_GateMutex_leave__E)
                  0080f7a0    00000040     Sys_BIOs_config_pe66.oe66 (.text:ti_sysbios_hal_Timer_Module__startupDone__F)
                  0080f7e0    00000040     Sys_BIOs_config_pe66.oe66 (.text:ti_sysbios_heaps_HeapMem_Handle__label__S)
                  0080f820    00000040     Sys_BIOs_config_pe66.oe66 (.text:ti_sysbios_heaps_HeapMem_Object__delete__S)
                  0080f860    00000040     Sys_BIOs_config_pe66.oe66 (.text:ti_sysbios_heaps_HeapMem_Object__get__S)
                  0080f8a0    00000040     Sys_BIOs_config_pe66.oe66 (.text:ti_sysbios_knl_Semaphore_Object__destruct__S)
                  0080f8e0    00000040     Sys_BIOs_config_pe66.oe66 (.text:ti_sysbios_knl_Swi_Object__get__S)
                  0080f920    00000040     Sys_BIOs_config_pe66.oe66 (.text:ti_sysbios_knl_Task_Object__get__S)
                  0080f960    00000040     Sys_BIOs_config_pe66.oe66 (.text:ti_sysbios_timers_timer64_Timer_Module__startupDone__F)
                  0080f9a0    00000040     Sys_BIOs_config_pe66.oe66 (.text:ti_uia_family_c66_TimestampC66XGlobal_Module__startupDone__F)
                  0080f9e0    00000040     Sys_BIOs_config_pe66.oe66 (.text:ti_uia_runtime_LoggerProbePoint_Handle__label__S)
                  0080fa20    00000040     Sys_BIOs_config_pe66.oe66 (.text:ti_uia_runtime_LoggerProbePoint_Object__get__S)
                  0080fa60    00000040     Sys_BIOs_config_pe66.oe66 (.text:ti_uia_runtime_LoggerStopMode_Handle__label__S)
                  0080faa0    00000040     Sys_BIOs_config_pe66.oe66 (.text:ti_uia_runtime_LoggerStopMode_Object__get__S)
                  0080fae0    00000040     ti.uia.runtime.ae66 : LoggerStopMode.oe66 (.text:ti_uia_runtime_LoggerStopMode_write0__E)
                  0080fb20    00000040                         : LoggerStopMode.oe66 (.text:ti_uia_runtime_LoggerStopMode_write1__E)
                  0080fb60    00000040                         : LoggerStopMode.oe66 (.text:ti_uia_runtime_LoggerStopMode_write2__E)
                  0080fba0    00000040                         : QueueDescriptor.oe66 (.text:ti_uia_runtime_QueueDescriptor_initHeader__E)
                  0080fbe0    00000040     util.obj (.text)
                  0080fc20    00000040     ti.targets.rts6000.ae66 : Error.oe66 (.text:xdc_runtime_Error_check__F)
                  0080fc60    00000040                             : Error.oe66 (.text:xdc_runtime_Error_init__F)
                  0080fca0    00000040                             : Gate.oe66 (.text:xdc_runtime_Gate_leaveSystem__F)
                  0080fce0    00000040     Sys_BIOs_config_pe66.oe66 (.text:xdc_runtime_LoggerBuf_Handle__label__S)
                  0080fd20    00000040     ti.targets.rts6000.ae66 : LoggerBuf.oe66 (.text:xdc_runtime_LoggerBuf_Instance_finalize__F)
                  0080fd60    00000040     Sys_BIOs_config_pe66.oe66 (.text:xdc_runtime_LoggerBuf_Object__get__S)
                  0080fda0    00000040     ti.targets.rts6000.ae66 : LoggerBuf.oe66 (.text:xdc_runtime_LoggerBuf_write0__F)
                  0080fde0    00000040                             : LoggerBuf.oe66 (.text:xdc_runtime_LoggerBuf_write1__F)
                  0080fe20    00000040                             : LoggerBuf.oe66 (.text:xdc_runtime_LoggerBuf_write2__F)
                  0080fe60    00000040                             : Memory.oe66 (.text:xdc_runtime_Memory_free__F)
                  0080fea0    00000040                             : Registry.oe66 (.text:xdc_runtime_Registry_findById__F)
                  0080fee0    00000040                             : System.oe66 (.text:xdc_runtime_System_abort__F)
                  0080ff20    00000040     Sys_BIOs_config_pe66.oe66 (.text:xdc_runtime_System_aprintf__E)
                  0080ff60    00000040     Sys_BIOs_config_pe66.oe66 (.text:xdc_runtime_System_printf__E)
                  0080ffa0    00000040     ti.targets.rts6000.ae66 : Text.oe66 (.text:xdc_runtime_Text_ropeText__F)
                  0080ffe0    00000020     rts6600_elf.lib : trunc.obj (.text:__c6xabi_trunc)
                  00810000    00000020                     : dtor_list.obj (.text:__cxa_atexit)
                  00810020    00000020                     : dtor_list.obj (.text:__cxa_ia64_exit)
                  00810040    00000020     ti.targets.rts6000.ae66 : xdc_noinit.oe66 (.text:__xdc__init)
                  00810060    00000020     rts6600_elf.lib : _lock.obj (.text:_nop)
                  00810080    00000020                     : _lock.obj (.text:_register_lock)
                  008100a0    00000020                     : _lock.obj (.text:_register_unlock)
                  008100c0    00000020     sysbios.ae66 : c62_TaskSupport_asm.obj (.text:_ti_sysbios_family_c62_TaskSupport_glue)
                  008100e0    00000020                  : c64p_Hwi_asm_switch.obj (.text:_ti_sysbios_family_xxx_Hwi_switchToTaskStack)
                  00810100    00000020     rts6600_elf.lib : exit.obj (.text:abort)
                  00810120    00000020                     : dtor_list.obj (.text:atexit)
                  00810140    00000020                     : copy_decompress_none.obj (.text:decompress:none:__TI_decompress_none)
                  00810160    00000020                     : copy_decompress_rle.obj (.text:decompress:rle24:__TI_decompress_rle24)
                  00810180    00000020     Sys_BIOs_config_pe66.oe66 (.text:ti_sysbios_BIOS_RtsGateProxy_enter__E)
                  008101a0    00000020     Sys_BIOs_config_pe66.oe66 (.text:ti_sysbios_BIOS_RtsGateProxy_leave__E)
                  008101c0    00000020     sysbios.ae66 : BIOS.obj (.text:ti_sysbios_BIOS_getCpuFreq__E)
                  008101e0    00000020                  : BIOS.obj (.text:ti_sysbios_BIOS_nullFunc__I)
                  00810200    00000020                  : BIOS.obj (.text:ti_sysbios_BIOS_setThreadType__E)
                  00810220    00000020                  : BIOS.obj (.text:ti_sysbios_BIOS_start__E)
                  00810240    00000020     Sys_BIOs_config_pe66.oe66 (.text:ti_sysbios_family_c62_TaskSupport_Module__startupDone__S)
                  00810260    00000020     sysbios.ae66 : BIOS.obj (.text:ti_sysbios_family_c62_TaskSupport_checkStack__E)
                  00810280    00000020                  : BIOS.obj (.text:ti_sysbios_family_c64p_Hwi_clearInterrupt__E)
                  008102a0    00000020                  : BIOS.obj (.text:ti_sysbios_family_c64p_Hwi_startup__E)
                  008102c0    00000020                  : BIOS.obj (.text:ti_sysbios_family_c64p_Hwi_switchFromBootStack__E)
                  008102e0    00000020                  : BIOS.obj (.text:ti_sysbios_family_c64p_TimestampProvider_Module_startup__F)
                  00810300    00000020                  : BIOS.obj (.text:ti_sysbios_family_c64p_TimestampProvider_get32__E)
                  00810320    00000020                  : BIOS.obj (.text:ti_sysbios_family_c64p_TimestampProvider_get64__E)
                  00810340    00000020                  : BIOS.obj (.text:ti_sysbios_family_c64p_tci6488_TimerSupport_enable__E)
                  00810360    00000020                  : BIOS.obj (.text:ti_sysbios_gates_GateHwi_Instance_init__F)
                  00810380    00000020                  : BIOS.obj (.text:ti_sysbios_gates_GateHwi_enter__E)
                  008103a0    00000020                  : BIOS.obj (.text:ti_sysbios_gates_GateHwi_leave__E)
                  008103c0    00000020                  : BIOS.obj (.text:ti_sysbios_gates_GateHwi_query__F)
                  008103e0    00000020                  : BIOS.obj (.text:ti_sysbios_gates_GateMutex_Instance_finalize__F)
                  00810400    00000020                  : BIOS.obj (.text:ti_sysbios_gates_GateMutex_query__F)
                  00810420    00000020     Sys_BIOs_config_pe66.oe66 (.text:ti_sysbios_hal_Hwi_HwiProxy_Module__startupDone__S)
                  00810440    00000020     sysbios.ae66 : BIOS.obj (.text:ti_sysbios_hal_Hwi_Module_startup__F)
                  00810460    00000020                  : BIOS.obj (.text:ti_sysbios_hal_Timer_Module_startup__F)
                  00810480    00000020     Sys_BIOs_config_pe66.oe66 (.text:ti_sysbios_hal_Timer_TimerProxy_Module__startupDone__S)
                  008104a0    00000020     Sys_BIOs_config_pe66.oe66 (.text:ti_sysbios_hal_Timer_TimerProxy_getExpiredCounts__E)
                  008104c0    00000020     Sys_BIOs_config_pe66.oe66 (.text:ti_sysbios_hal_Timer_TimerProxy_getPeriod__E)
                  008104e0    00000020     Sys_BIOs_config_pe66.oe66 (.text:ti_sysbios_hal_Timer_TimerProxy_setNextTick__E)
                  00810500    00000020     Sys_BIOs_config_pe66.oe66 (.text:ti_sysbios_heaps_HeapMem_Module_GateProxy_enter__E)
                  00810520    00000020     Sys_BIOs_config_pe66.oe66 (.text:ti_sysbios_heaps_HeapMem_Module_GateProxy_leave__E)
                  00810540    00000020     sysbios.ae66 : BIOS.obj (.text:ti_sysbios_heaps_HeapMem_isBlocking__E)
                  00810560    00000020     Sys_BIOs_config_pe66.oe66 (.text:ti_sysbios_knl_Clock_Params__init__S)
                  00810580    00000020     sysbios.ae66 : BIOS.obj (.text:ti_sysbios_knl_Idle_loop__E)
                  008105a0    00000020                  : BIOS.obj (.text:ti_sysbios_knl_Queue_Instance_init__F)
                  008105c0    00000020     Sys_BIOs_config_pe66.oe66 (.text:ti_sysbios_knl_Queue_Object__destruct__S)
                  008105e0    00000020     Sys_BIOs_config_pe66.oe66 (.text:ti_sysbios_knl_Queue_Object__get__S)
                  00810600    00000020     sysbios.ae66 : BIOS.obj (.text:ti_sysbios_knl_Queue_empty__E)
                  00810620    00000020                  : BIOS.obj (.text:ti_sysbios_knl_Semaphore_Instance_finalize__F)
                  00810640    00000020                  : BIOS.obj (.text:ti_sysbios_knl_Swi_disable__E)
                  00810660    00000020     Sys_BIOs_config_pe66.oe66 (.text:ti_sysbios_knl_Task_Object__first__S)
                  00810680    00000020     Sys_BIOs_config_pe66.oe66 (.text:ti_sysbios_knl_Task_Object__next__S)
                  008106a0    00000020     Sys_BIOs_config_pe66.oe66 (.text:ti_sysbios_knl_Task_SupportProxy_Module__startupDone__S)
                  008106c0    00000020     sysbios.ae66 : BIOS.obj (.text:ti_sysbios_knl_Task_disable__E)
                  008106e0    00000020                  : BIOS.obj (.text:ti_sysbios_knl_Task_startup__E)
                  00810700    00000020                  : BIOS.obj (.text:ti_sysbios_timers_timer64_Timer_setNextTick__E)
                  00810720    00000020                  : BIOS.obj (.text:ti_sysbios_utils_Load_taskRegHook__E)
                  00810740    00000020     ti.uia.family.c66.ae66 : TimestampC66XGlobal.oe66 (.text:ti_uia_family_c66_TimestampC66XGlobal_Module_startup__F)
                  00810760    00000020     Sys_BIOs_config_pe66.oe66 (.text:ti_uia_runtime_LogSync_CpuTimestampProxy_Module__startupDone__S)
                  00810780    00000020     Sys_BIOs_config_pe66.oe66 (.text:ti_uia_runtime_LogSync_GlobalTimestampProxy_Module__startupDone__S)
                  008107a0    00000020     ti.uia.runtime.ae66 : LoggerProbePoint.oe66 (.text:ti_uia_runtime_LoggerProbePoint_getFreeSize__E)
                  008107c0    00000020                         : LoggerProbePoint.oe66 (.text:ti_uia_runtime_LoggerProbePoint_getInstanceId__E)
                  008107e0    00000020                         : LoggerProbePoint.oe66 (.text:ti_uia_runtime_LoggerProbePoint_getMaxLength__E)
                  00810800    00000020                         : LoggerProbePoint.oe66 (.text:ti_uia_runtime_LoggerProbePoint_getPriority__E)
                  00810820    00000020                         : LoggerProbePoint.oe66 (.text:ti_uia_runtime_LoggerProbePoint_getTransferType__F)
                  00810840    00000020                         : LoggerProbePoint.oe66 (.text:ti_uia_runtime_LoggerProbePoint_getUnreadSize__E)
                  00810860    00000020                         : LoggerProbePoint.oe66 (.text:ti_uia_runtime_LoggerProbePoint_isEmpty__E)
                  00810880    00000020                         : LoggerProbePoint.oe66 (.text:ti_uia_runtime_LoggerProbePoint_setPriority__E)
                  008108a0    00000020                         : LoggerStopMode.oe66 (.text:ti_uia_runtime_LoggerStopMode_getFreeSize__E)
                  008108c0    00000020                         : LoggerStopMode.oe66 (.text:ti_uia_runtime_LoggerStopMode_getInstanceId__E)
                  008108e0    00000020                         : LoggerStopMode.oe66 (.text:ti_uia_runtime_LoggerStopMode_getMaxLength__E)
                  00810900    00000020                         : LoggerStopMode.oe66 (.text:ti_uia_runtime_LoggerStopMode_getPriority__E)
                  00810920    00000020                         : LoggerStopMode.oe66 (.text:ti_uia_runtime_LoggerStopMode_getTransferType__F)
                  00810940    00000020                         : LoggerStopMode.oe66 (.text:ti_uia_runtime_LoggerStopMode_getUnreadSize__E)
                  00810960    00000020                         : LoggerStopMode.oe66 (.text:ti_uia_runtime_LoggerStopMode_isEmpty__E)
                  00810980    00000020                         : LoggerStopMode.oe66 (.text:ti_uia_runtime_LoggerStopMode_setPriority__E)
                  008109a0    00000020     ti.targets.rts6000.ae66 : Gate.oe66 (.text:xdc_runtime_Gate_enterSystem__F)
                  008109c0    00000020     Sys_BIOs_config_pe66.oe66 (.text:xdc_runtime_IHeap_alloc)
                  008109e0    00000020     Sys_BIOs_config_pe66.oe66 (.text:xdc_runtime_IHeap_free)
                  00810a00    00000020     Sys_BIOs_config_pe66.oe66 (.text:xdc_runtime_LoggerBuf_Module_GateProxy_enter__E)
                  00810a20    00000020     Sys_BIOs_config_pe66.oe66 (.text:xdc_runtime_LoggerBuf_Module_GateProxy_leave__E)
                  00810a40    00000020     ti.targets.rts6000.ae66 : LoggerBuf.oe66 (.text:xdc_runtime_LoggerBuf_disable__F)
                  00810a60    00000020                             : LoggerBuf.oe66 (.text:xdc_runtime_LoggerBuf_enable__F)
                  00810a80    00000020     Sys_BIOs_config_pe66.oe66 (.text:xdc_runtime_Memory_HeapProxy_alloc__E)
                  00810aa0    00000020     Sys_BIOs_config_pe66.oe66 (.text:xdc_runtime_Memory_HeapProxy_free__E)
                  00810ac0    00000020     Sys_BIOs_config_pe66.oe66 (.text:xdc_runtime_Startup_exec__I)
                  00810ae0    00000020     Sys_BIOs_config_pe66.oe66 (.text:xdc_runtime_Startup_reset__I)
                  00810b00    00000020     ti.targets.rts6000.ae66 : SysMin.oe66 (.text:xdc_runtime_SysMin_ready__F)
                  00810b20    00000020     Sys_BIOs_config_pe66.oe66 (.text:xdc_runtime_System_Module_GateProxy_enter__E)
                  00810b40    00000020     Sys_BIOs_config_pe66.oe66 (.text:xdc_runtime_System_Module_GateProxy_leave__E)
                  00810b60    00000020     ti.targets.rts6000.ae66 : System.oe66 (.text:xdc_runtime_System_Module_startup__F)
                  00810b80    00000020                             : System.oe66 (.text:xdc_runtime_System_exit__F)
                  00810ba0    00000020                             : System.oe66 (.text:xdc_runtime_System_lastFxn__I)
                  00810bc0    00000020                             : System.oe66 (.text:xdc_runtime_System_vsnprintf__F)
                  00810be0    00000020     Sys_BIOs_config_pe66.oe66 (.text:xdc_runtime_Text_visitRope__I)
                  00810c00    00000020     Sys_BIOs_config_pe66.oe66 (.text:xdc_runtime_Timestamp_Module__startupDone__S)

.const     0    00810c20    0000363a     
                  00810c20    000021ab     Sys_BIOs_config_pe66.oe66 (.const:xdc_runtime_Text_charTab__A)
                  00812dcb    00000683     sysbios.ae66 : BIOS.obj (.const:.string)
                  0081344e    00000002     Sys_BIOs_config_pe66.oe66 (.const:ti_sysbios_BIOS_Module__id__C)
                  00813450    00000400     Sys_BIOs_config_pe66.oe66 (.const:ti_sysbios_family_c66_Cache_marvalues__C)
                  00813850    00000128     Sys_BIOs_config_pe66.oe66 (.const:xdc_runtime_Text_nodeTab__A)
                  00813978    00000060     Sys_BIOs_config_pe66.oe66 (.const:ti_uia_runtime_LoggerProbePoint_Module__FXNS__C)
                  008139d8    00000060     Sys_BIOs_config_pe66.oe66 (.const:ti_uia_runtime_LoggerStopMode_Module__FXNS__C)
                  00813a38    00000058     ti.targets.rts6000.ae66 : Error.oe66 (.const:.string)
                  00813a90    00000047     Sys_BIOs_config_pe66.oe66 (.const:.string)
                  00813ad7    00000001     --HOLE-- [fill = 0]
                  00813ad8    00000044     Sys_BIOs_config_pe66.oe66 (.const:xdc_runtime_Startup_sfxnTab__A)
                  00813b1c    00000040     ti.targets.rts6000.ae66 : Text.oe66 (.const:.string)
                  00813b5c    0000003c     Sys_BIOs_config_pe66.oe66 (.const:xdc_runtime_LoggerBuf_Module__FXNS__C)
                  00813b98    00000034     Sys_BIOs_config_pe66.oe66 (.const:ti_uia_runtime_LoggerProbePoint_Object__PARAMS__C)
                  00813bcc    00000034     Sys_BIOs_config_pe66.oe66 (.const:ti_uia_runtime_LoggerStopMode_Object__PARAMS__C)
                  00813c00    00000030     Sys_BIOs_config_pe66.oe66 (.const:ti_sysbios_knl_Task_hooks__A)
                  00813c30    0000002c     ti.targets.rts6000.ae66 : Startup.oe66 (.const:.string)
                  00813c5c    00000028     Sys_BIOs_config_pe66.oe66 (.const:ti_sysbios_heaps_HeapMem_Module__FXNS__C)
                  00813c84    00000028     Sys_BIOs_config_pe66.oe66 (.const:xdc_runtime_LoggerBuf_Object__PARAMS__C)
                  00813cac    00000024     Sys_BIOs_config_pe66.oe66 (.const:ti_sysbios_gates_GateHwi_Module__FXNS__C)
                  00813cd0    00000024     Sys_BIOs_config_pe66.oe66 (.const:ti_sysbios_gates_GateMutex_Module__FXNS__C)
                  00813cf4    00000024     Sys_BIOs_config_pe66.oe66 (.const:ti_sysbios_heaps_HeapMem_Object__PARAMS__C)
                  00813d18    00000024     Sys_BIOs_config_pe66.oe66 (.const:ti_sysbios_knl_Clock_Object__PARAMS__C)
                  00813d3c    00000024     Sys_BIOs_config_pe66.oe66 (.const:ti_sysbios_knl_Semaphore_Object__PARAMS__C)
                  00813d60    00000022     Sys_BIOs_config_pe66.oe66 (.const:xdc_runtime_Startup_sfxnRts__A)
                  00813d82    00000002     Sys_BIOs_config_pe66.oe66 (.const:ti_sysbios_family_c64p_Exception_Module__id__C)
                  00813d84    00000020     Sys_BIOs_config_pe66.oe66 (.const:ti_sysbios_gates_GateHwi_Object__DESC__C)
                  00813da4    00000020     Sys_BIOs_config_pe66.oe66 (.const:ti_sysbios_gates_GateMutex_Object__DESC__C)
                  00813dc4    00000020     Sys_BIOs_config_pe66.oe66 (.const:ti_sysbios_heaps_HeapMem_Object__DESC__C)
                  00813de4    00000020     Sys_BIOs_config_pe66.oe66 (.const:ti_sysbios_knl_Clock_Object__DESC__C)
                  00813e04    00000020     Sys_BIOs_config_pe66.oe66 (.const:ti_sysbios_knl_Queue_Object__DESC__C)
                  00813e24    00000020     Sys_BIOs_config_pe66.oe66 (.const:ti_sysbios_knl_Semaphore_Object__DESC__C)
                  00813e44    00000020     Sys_BIOs_config_pe66.oe66 (.const:ti_uia_runtime_LoggerProbePoint_Object__DESC__C)
                  00813e64    00000020     Sys_BIOs_config_pe66.oe66 (.const:ti_uia_runtime_LoggerStopMode_Object__DESC__C)
                  00813e84    00000020     Sys_BIOs_config_pe66.oe66 (.const:xdc_runtime_LoggerBuf_Object__DESC__C)
                  00813ea4    00000018     Sys_BIOs_config_pe66.oe66 (.const:ti_sysbios_gates_GateHwi_Object__PARAMS__C)
                  00813ebc    00000018     Sys_BIOs_config_pe66.oe66 (.const:ti_sysbios_gates_GateMutex_Object__PARAMS__C)
                  00813ed4    00000018     Sys_BIOs_config_pe66.oe66 (.const:ti_sysbios_knl_Queue_Object__PARAMS__C)
                  00813eec    00000014     main_gtz.obj (.const:.string)
                  00813f00    00000011     ti.targets.rts6000.ae66 : System.oe66 (.const:digtohex)
                  00813f11    00000001     --HOLE-- [fill = 0]
                  00813f12    00000002     Sys_BIOs_config_pe66.oe66 (.const:ti_sysbios_family_c64p_Exception_enableExternalMPC__C)
                  00813f14    0000000c     Sys_BIOs_config_pe66.oe66 (.const:ti_sysbios_family_c66_Cache_initSize__C)
                  00813f20    00000008     ti.targets.rts6000.ae66 : System.oe66 (.const:.string)
                  00813f28    00000008     Sys_BIOs_config_pe66.oe66 (.const:ti_sysbios_knl_Idle_coreList__A)
                  00813f30    00000008     Sys_BIOs_config_pe66.oe66 (.const:ti_sysbios_knl_Idle_coreList__C)
                  00813f38    00000008     Sys_BIOs_config_pe66.oe66 (.const:ti_sysbios_knl_Idle_funcList__A)
                  00813f40    00000008     Sys_BIOs_config_pe66.oe66 (.const:ti_sysbios_knl_Idle_funcList__C)
                  00813f48    00000008     Sys_BIOs_config_pe66.oe66 (.const:ti_sysbios_knl_Task_hooks__C)
                  00813f50    00000008     Sys_BIOs_config_pe66.oe66 (.const:xdc_runtime_Startup_firstFxns__A)
                  00813f58    00000008     Sys_BIOs_config_pe66.oe66 (.const:xdc_runtime_Startup_firstFxns__C)
                  00813f60    00000008     Sys_BIOs_config_pe66.oe66 (.const:xdc_runtime_Startup_lastFxns__C)
                  00813f68    00000004     ti.targets.rts6000.ae66 : Assert.oe66 (.const:.string)
                  00813f6c    00000004     Sys_BIOs_config_pe66.oe66 (.const:ti_sysbios_BIOS_Module__diagsEnabled__C)
                  00813f70    00000004     Sys_BIOs_config_pe66.oe66 (.const:ti_sysbios_BIOS_Module__diagsIncluded__C)
                  00813f74    00000004     Sys_BIOs_config_pe66.oe66 (.const:ti_sysbios_BIOS_Module__diagsMask__C)
                  00813f78    00000004     Sys_BIOs_config_pe66.oe66 (.const:ti_sysbios_BIOS_installedErrorHook__C)
                  00813f7c    00000004     Sys_BIOs_config_pe66.oe66 (.const:ti_sysbios_family_c64p_Exception_E_exceptionMax__C)
                  00813f80    00000004     Sys_BIOs_config_pe66.oe66 (.const:ti_sysbios_family_c64p_Exception_E_exceptionMin__C)
                  00813f84    00000004     Sys_BIOs_config_pe66.oe66 (.const:ti_sysbios_family_c64p_Exception_exceptionHook__C)
                  00813f88    00000004     Sys_BIOs_config_pe66.oe66 (.const:ti_sysbios_family_c64p_Exception_externalHook__C)
                  00813f8c    00000004     Sys_BIOs_config_pe66.oe66 (.const:ti_sysbios_family_c64p_Exception_internalHook__C)
                  00813f90    00000004     Sys_BIOs_config_pe66.oe66 (.const:ti_sysbios_family_c64p_Exception_nmiHook__C)
                  00813f94    00000004     Sys_BIOs_config_pe66.oe66 (.const:ti_sysbios_family_c64p_Hwi_LD_end__C)
                  00813f98    00000004     Sys_BIOs_config_pe66.oe66 (.const:ti_sysbios_family_c64p_Hwi_LM_begin__C)
                  00813f9c    00000004     Sys_BIOs_config_pe66.oe66 (.const:ti_sysbios_family_c64p_Hwi_Module__diagsEnabled__C)
                  00813fa0    00000004     Sys_BIOs_config_pe66.oe66 (.const:ti_sysbios_family_c64p_Hwi_Module__diagsIncluded__C)
                  00813fa4    00000004     Sys_BIOs_config_pe66.oe66 (.const:ti_sysbios_family_c64p_Hwi_Module__diagsMask__C)
                  00813fa8    00000004     Sys_BIOs_config_pe66.oe66 (.const:ti_sysbios_family_c64p_Hwi_Module__loggerFxn1__C)
                  00813fac    00000004     Sys_BIOs_config_pe66.oe66 (.const:ti_sysbios_family_c64p_Hwi_Module__loggerFxn8__C)
                  00813fb0    00000004     Sys_BIOs_config_pe66.oe66 (.const:ti_sysbios_family_c64p_Hwi_Module__loggerObj__C)
                  00813fb4    00000004     Sys_BIOs_config_pe66.oe66 (.const:ti_sysbios_gates_GateMutex_A_badContext__C)
                  00813fb8    00000004     Sys_BIOs_config_pe66.oe66 (.const:ti_sysbios_gates_GateMutex_Instance_State_sem__O)
                  00813fbc    00000004     Sys_BIOs_config_pe66.oe66 (.const:ti_sysbios_gates_GateMutex_Module__diagsEnabled__C)
                  00813fc0    00000004     Sys_BIOs_config_pe66.oe66 (.const:ti_sysbios_gates_GateMutex_Module__diagsIncluded__C)
                  00813fc4    00000004     Sys_BIOs_config_pe66.oe66 (.const:ti_sysbios_gates_GateMutex_Module__diagsMask__C)
                  00813fc8    00000004     Sys_BIOs_config_pe66.oe66 (.const:ti_sysbios_hal_Hwi_E_stackOverflow__C)
                  00813fcc    00000004     Sys_BIOs_config_pe66.oe66 (.const:ti_sysbios_heaps_HeapMem_A_align__C)
                  00813fd0    00000004     Sys_BIOs_config_pe66.oe66 (.const:ti_sysbios_heaps_HeapMem_A_heapSize__C)
                  00813fd4    00000004     Sys_BIOs_config_pe66.oe66 (.const:ti_sysbios_heaps_HeapMem_A_invalidFree__C)
                  00813fd8    00000004     Sys_BIOs_config_pe66.oe66 (.const:ti_sysbios_heaps_HeapMem_A_zeroBlock__C)
                  00813fdc    00000004     Sys_BIOs_config_pe66.oe66 (.const:ti_sysbios_heaps_HeapMem_E_memory__C)
                  00813fe0    00000004     Sys_BIOs_config_pe66.oe66 (.const:ti_sysbios_heaps_HeapMem_Module__diagsEnabled__C)
                  00813fe4    00000004     Sys_BIOs_config_pe66.oe66 (.const:ti_sysbios_heaps_HeapMem_Module__diagsIncluded__C)
                  00813fe8    00000004     Sys_BIOs_config_pe66.oe66 (.const:ti_sysbios_heaps_HeapMem_Module__diagsMask__C)
                  00813fec    00000004     Sys_BIOs_config_pe66.oe66 (.const:ti_sysbios_heaps_HeapMem_Module__gateObj__C)
                  00813ff0    00000004     Sys_BIOs_config_pe66.oe66 (.const:ti_sysbios_heaps_HeapMem_Object__count__C)
                  00813ff4    00000004     Sys_BIOs_config_pe66.oe66 (.const:ti_sysbios_heaps_HeapMem_reqAlign__C)
                  00813ff8    00000004     Sys_BIOs_config_pe66.oe66 (.const:ti_sysbios_knl_Clock_A_badThreadType__C)
                  00813ffc    00000004     Sys_BIOs_config_pe66.oe66 (.const:ti_sysbios_knl_Clock_LM_begin__C)
                  00814000    00000004     Sys_BIOs_config_pe66.oe66 (.const:ti_sysbios_knl_Clock_LM_tick__C)
                  00814004    00000004     Sys_BIOs_config_pe66.oe66 (.const:ti_sysbios_knl_Clock_LW_delayed__C)
                  00814008    00000004     Sys_BIOs_config_pe66.oe66 (.const:ti_sysbios_knl_Clock_Module_State_clockQ__O)
                  0081400c    00000004     Sys_BIOs_config_pe66.oe66 (.const:ti_sysbios_knl_Clock_Module__diagsEnabled__C)
                  00814010    00000004     Sys_BIOs_config_pe66.oe66 (.const:ti_sysbios_knl_Clock_Module__diagsIncluded__C)
                  00814014    00000004     Sys_BIOs_config_pe66.oe66 (.const:ti_sysbios_knl_Clock_Module__diagsMask__C)
                  00814018    00000004     Sys_BIOs_config_pe66.oe66 (.const:ti_sysbios_knl_Clock_Module__loggerFxn1__C)
                  0081401c    00000004     Sys_BIOs_config_pe66.oe66 (.const:ti_sysbios_knl_Clock_Module__loggerFxn2__C)
                  00814020    00000004     Sys_BIOs_config_pe66.oe66 (.const:ti_sysbios_knl_Clock_Module__loggerObj__C)
                  00814024    00000004     Sys_BIOs_config_pe66.oe66 (.const:ti_sysbios_knl_Clock_tickMode__C)
                  00814028    00000004     Sys_BIOs_config_pe66.oe66 (.const:ti_sysbios_knl_Clock_tickSource__C)
                  0081402c    00000004     Sys_BIOs_config_pe66.oe66 (.const:ti_sysbios_knl_Semaphore_A_badContext__C)
                  00814030    00000004     Sys_BIOs_config_pe66.oe66 (.const:ti_sysbios_knl_Semaphore_A_noEvents__C)
                  00814034    00000004     Sys_BIOs_config_pe66.oe66 (.const:ti_sysbios_knl_Semaphore_A_overflow__C)
                  00814038    00000004     Sys_BIOs_config_pe66.oe66 (.const:ti_sysbios_knl_Semaphore_A_pendTaskDisabled__C)
                  0081403c    00000004     Sys_BIOs_config_pe66.oe66 (.const:ti_sysbios_knl_Semaphore_Instance_State_pendQ__O)
                  00814040    00000004     Sys_BIOs_config_pe66.oe66 (.const:ti_sysbios_knl_Semaphore_LM_pend__C)
                  00814044    00000004     Sys_BIOs_config_pe66.oe66 (.const:ti_sysbios_knl_Semaphore_LM_post__C)
                  00814048    00000004     Sys_BIOs_config_pe66.oe66 (.const:ti_sysbios_knl_Semaphore_Module__diagsEnabled__C)
                  0081404c    00000004     Sys_BIOs_config_pe66.oe66 (.const:ti_sysbios_knl_Semaphore_Module__diagsIncluded__C)
                  00814050    00000004     Sys_BIOs_config_pe66.oe66 (.const:ti_sysbios_knl_Semaphore_Module__diagsMask__C)
                  00814054    00000004     Sys_BIOs_config_pe66.oe66 (.const:ti_sysbios_knl_Semaphore_Module__loggerFxn2__C)
                  00814058    00000004     Sys_BIOs_config_pe66.oe66 (.const:ti_sysbios_knl_Semaphore_Module__loggerFxn4__C)
                  0081405c    00000004     Sys_BIOs_config_pe66.oe66 (.const:ti_sysbios_knl_Semaphore_Module__loggerObj__C)
                  00814060    00000004     Sys_BIOs_config_pe66.oe66 (.const:ti_sysbios_knl_Swi_LD_end__C)
                  00814064    00000004     Sys_BIOs_config_pe66.oe66 (.const:ti_sysbios_knl_Swi_LM_begin__C)
                  00814068    00000004     Sys_BIOs_config_pe66.oe66 (.const:ti_sysbios_knl_Swi_LM_post__C)
                  0081406c    00000004     Sys_BIOs_config_pe66.oe66 (.const:ti_sysbios_knl_Swi_Module__diagsEnabled__C)
                  00814070    00000004     Sys_BIOs_config_pe66.oe66 (.const:ti_sysbios_knl_Swi_Module__diagsIncluded__C)
                  00814074    00000004     Sys_BIOs_config_pe66.oe66 (.const:ti_sysbios_knl_Swi_Module__diagsMask__C)
                  00814078    00000004     Sys_BIOs_config_pe66.oe66 (.const:ti_sysbios_knl_Swi_Module__loggerFxn1__C)
                  0081407c    00000004     Sys_BIOs_config_pe66.oe66 (.const:ti_sysbios_knl_Swi_Module__loggerFxn4__C)
                  00814080    00000004     Sys_BIOs_config_pe66.oe66 (.const:ti_sysbios_knl_Swi_Module__loggerObj__C)
                  00814084    00000004     Sys_BIOs_config_pe66.oe66 (.const:ti_sysbios_knl_Swi_Object__count__C)
                  00814088    00000004     Sys_BIOs_config_pe66.oe66 (.const:ti_sysbios_knl_Task_A_badTimeout__C)
                  0081408c    00000004     Sys_BIOs_config_pe66.oe66 (.const:ti_sysbios_knl_Task_A_sleepTaskDisabled__C)
                  00814090    00000004     Sys_BIOs_config_pe66.oe66 (.const:ti_sysbios_knl_Task_E_spOutOfBounds__C)
                  00814094    00000004     Sys_BIOs_config_pe66.oe66 (.const:ti_sysbios_knl_Task_E_stackOverflow__C)
                  00814098    00000004     Sys_BIOs_config_pe66.oe66 (.const:ti_sysbios_knl_Task_LD_block__C)
                  0081409c    00000004     Sys_BIOs_config_pe66.oe66 (.const:ti_sysbios_knl_Task_LD_exit__C)
                  008140a0    00000004     Sys_BIOs_config_pe66.oe66 (.const:ti_sysbios_knl_Task_LD_ready__C)
                  008140a4    00000004     Sys_BIOs_config_pe66.oe66 (.const:ti_sysbios_knl_Task_LM_sleep__C)
                  008140a8    00000004     Sys_BIOs_config_pe66.oe66 (.const:ti_sysbios_knl_Task_LM_switch__C)
                  008140ac    00000004     Sys_BIOs_config_pe66.oe66 (.const:ti_sysbios_knl_Task_Module_State_inactiveQ__O)
                  008140b0    00000004     Sys_BIOs_config_pe66.oe66 (.const:ti_sysbios_knl_Task_Module_State_terminatedQ__O)
                  008140b4    00000004     Sys_BIOs_config_pe66.oe66 (.const:ti_sysbios_knl_Task_Module__diagsEnabled__C)
                  008140b8    00000004     Sys_BIOs_config_pe66.oe66 (.const:ti_sysbios_knl_Task_Module__diagsIncluded__C)
                  008140bc    00000004     Sys_BIOs_config_pe66.oe66 (.const:ti_sysbios_knl_Task_Module__diagsMask__C)
                  008140c0    00000004     Sys_BIOs_config_pe66.oe66 (.const:ti_sysbios_knl_Task_Module__loggerFxn2__C)
                  008140c4    00000004     Sys_BIOs_config_pe66.oe66 (.const:ti_sysbios_knl_Task_Module__loggerFxn4__C)
                  008140c8    00000004     Sys_BIOs_config_pe66.oe66 (.const:ti_sysbios_knl_Task_Module__loggerObj__C)
                  008140cc    00000004     Sys_BIOs_config_pe66.oe66 (.const:ti_sysbios_knl_Task_Object__count__C)
                  008140d0    00000004     Sys_BIOs_config_pe66.oe66 (.const:ti_sysbios_knl_Task_Object__heap__C)
                  008140d4    00000004     Sys_BIOs_config_pe66.oe66 (.const:ti_sysbios_knl_Task_allBlockedFunc__C)
                  008140d8    00000004     Sys_BIOs_config_pe66.oe66 (.const:ti_sysbios_knl_Task_numConstructedTasks__C)
                  008140dc    00000004     Sys_BIOs_config_pe66.oe66 (.const:ti_sysbios_timers_timer64_Timer_A_notAvailable__C)
                  008140e0    00000004     Sys_BIOs_config_pe66.oe66 (.const:ti_sysbios_timers_timer64_Timer_E_cannotSupport__C)
                  008140e4    00000004     Sys_BIOs_config_pe66.oe66 (.const:ti_sysbios_timers_timer64_Timer_Module__diagsEnabled__C)
                  008140e8    00000004     Sys_BIOs_config_pe66.oe66 (.const:ti_sysbios_timers_timer64_Timer_Module__diagsIncluded__C)
                  008140ec    00000004     Sys_BIOs_config_pe66.oe66 (.const:ti_sysbios_timers_timer64_Timer_Module__diagsMask__C)
                  008140f0    00000004     Sys_BIOs_config_pe66.oe66 (.const:ti_sysbios_timers_timer64_Timer_anyMask__C)
                  008140f4    00000004     Sys_BIOs_config_pe66.oe66 (.const:ti_sysbios_timers_timer64_Timer_freqDivisor__C)
                  008140f8    00000004     Sys_BIOs_config_pe66.oe66 (.const:ti_sysbios_timers_timer64_Timer_numLocalTimers__C)
                  008140fc    00000004     Sys_BIOs_config_pe66.oe66 (.const:ti_sysbios_timers_timer64_Timer_numTimerDevices__C)
                  00814100    00000004     Sys_BIOs_config_pe66.oe66 (.const:ti_sysbios_utils_Load_LS_cpuLoad__C)
                  00814104    00000004     Sys_BIOs_config_pe66.oe66 (.const:ti_sysbios_utils_Load_LS_hwiLoad__C)
                  00814108    00000004     Sys_BIOs_config_pe66.oe66 (.const:ti_sysbios_utils_Load_LS_swiLoad__C)
                  0081410c    00000004     Sys_BIOs_config_pe66.oe66 (.const:ti_sysbios_utils_Load_LS_taskLoad__C)
                  00814110    00000004     Sys_BIOs_config_pe66.oe66 (.const:ti_sysbios_utils_Load_Module_State_taskList__O)
                  00814114    00000004     Sys_BIOs_config_pe66.oe66 (.const:ti_sysbios_utils_Load_Module__diagsEnabled__C)
                  00814118    00000004     Sys_BIOs_config_pe66.oe66 (.const:ti_sysbios_utils_Load_Module__diagsIncluded__C)
                  0081411c    00000004     Sys_BIOs_config_pe66.oe66 (.const:ti_sysbios_utils_Load_Module__diagsMask__C)
                  00814120    00000004     Sys_BIOs_config_pe66.oe66 (.const:ti_sysbios_utils_Load_Module__loggerFxn1__C)
                  00814124    00000004     Sys_BIOs_config_pe66.oe66 (.const:ti_sysbios_utils_Load_Module__loggerFxn2__C)
                  00814128    00000004     Sys_BIOs_config_pe66.oe66 (.const:ti_sysbios_utils_Load_Module__loggerFxn4__C)
                  0081412c    00000004     Sys_BIOs_config_pe66.oe66 (.const:ti_sysbios_utils_Load_Module__loggerObj__C)
                  00814130    00000004     Sys_BIOs_config_pe66.oe66 (.const:ti_sysbios_utils_Load_postUpdate__C)
                  00814134    00000004     Sys_BIOs_config_pe66.oe66 (.const:ti_sysbios_utils_Load_windowInMs__C)
                  00814138    00000004     Sys_BIOs_config_pe66.oe66 (.const:ti_uia_family_c66_TimestampC66XGlobal_timerBaseAdrs__C)
                  0081413c    00000004     Sys_BIOs_config_pe66.oe66 (.const:ti_uia_runtime_ILoggerSnapshot_Interface__BASE__C)
                  00814140    00000004     Sys_BIOs_config_pe66.oe66 (.const:ti_uia_runtime_IUIATransfer_Interface__BASE__C)
                  00814144    00000004     Sys_BIOs_config_pe66.oe66 (.const:ti_uia_runtime_LoggerProbePoint_E_badLevel__C)
                  00814148    00000004     Sys_BIOs_config_pe66.oe66 (.const:ti_uia_runtime_LoggerProbePoint_Object__count__C)
                  0081414c    00000004     Sys_BIOs_config_pe66.oe66 (.const:ti_uia_runtime_LoggerProbePoint_overflowLogger__C)
                  00814150    00000004     Sys_BIOs_config_pe66.oe66 (.const:ti_uia_runtime_LoggerProbePoint_statusLogger__C)
                  00814154    00000004     Sys_BIOs_config_pe66.oe66 (.const:ti_uia_runtime_LoggerStopMode_E_badLevel__C)
                  00814158    00000004     Sys_BIOs_config_pe66.oe66 (.const:ti_uia_runtime_LoggerStopMode_Object__count__C)
                  0081415c    00000004     Sys_BIOs_config_pe66.oe66 (.const:ti_uia_runtime_LoggerStopMode_overflowLogger__C)
                  00814160    00000004     Sys_BIOs_config_pe66.oe66 (.const:ti_uia_runtime_LoggerStopMode_statusLogger__C)
                  00814164    00000004     Sys_BIOs_config_pe66.oe66 (.const:xdc_runtime_Assert_E_assertFailed__C)
                  00814168    00000004     Sys_BIOs_config_pe66.oe66 (.const:xdc_runtime_Core_A_initializedParams__C)
                  0081416c    00000004     Sys_BIOs_config_pe66.oe66 (.const:xdc_runtime_Core_Module__diagsEnabled__C)
                  00814170    00000004     Sys_BIOs_config_pe66.oe66 (.const:xdc_runtime_Core_Module__diagsIncluded__C)
                  00814174    00000004     Sys_BIOs_config_pe66.oe66 (.const:xdc_runtime_Core_Module__diagsMask__C)
                  00814178    00000004     Sys_BIOs_config_pe66.oe66 (.const:xdc_runtime_Error_E_memory__C)
                  0081417c    00000004     Sys_BIOs_config_pe66.oe66 (.const:xdc_runtime_Error_Module__diagsEnabled__C)
                  00814180    00000004     Sys_BIOs_config_pe66.oe66 (.const:xdc_runtime_Error_Module__diagsIncluded__C)
                  00814184    00000004     Sys_BIOs_config_pe66.oe66 (.const:xdc_runtime_Error_Module__diagsMask__C)
                  00814188    00000004     Sys_BIOs_config_pe66.oe66 (.const:xdc_runtime_Error_Module__loggerFxn8__C)
                  0081418c    00000004     Sys_BIOs_config_pe66.oe66 (.const:xdc_runtime_Error_Module__loggerObj__C)
                  00814190    00000004     Sys_BIOs_config_pe66.oe66 (.const:xdc_runtime_Error_policy__C)
                  00814194    00000004     Sys_BIOs_config_pe66.oe66 (.const:xdc_runtime_Error_raiseHook__C)
                  00814198    00000004     Sys_BIOs_config_pe66.oe66 (.const:xdc_runtime_IFilterLogger_Interface__BASE__C)
                  0081419c    00000004     Sys_BIOs_config_pe66.oe66 (.const:xdc_runtime_IGateProvider_Interface__BASE__C)
                  008141a0    00000004     Sys_BIOs_config_pe66.oe66 (.const:xdc_runtime_IHeap_Interface__BASE__C)
                  008141a4    00000004     Sys_BIOs_config_pe66.oe66 (.const:xdc_runtime_ILogger_Interface__BASE__C)
                  008141a8    00000004     Sys_BIOs_config_pe66.oe66 (.const:xdc_runtime_IModule_Interface__BASE__C)
                  008141ac    00000004     Sys_BIOs_config_pe66.oe66 (.const:xdc_runtime_Log_L_error__C)
                  008141b0    00000004     Sys_BIOs_config_pe66.oe66 (.const:xdc_runtime_LoggerBuf_E_badLevel__C)
                  008141b4    00000004     Sys_BIOs_config_pe66.oe66 (.const:xdc_runtime_LoggerBuf_Module__gateObj__C)
                  008141b8    00000004     Sys_BIOs_config_pe66.oe66 (.const:xdc_runtime_LoggerBuf_Object__count__C)
                  008141bc    00000004     Sys_BIOs_config_pe66.oe66 (.const:xdc_runtime_LoggerBuf_statusLogger__C)
                  008141c0    00000004     Sys_BIOs_config_pe66.oe66 (.const:xdc_runtime_Memory_defaultHeapInstance__C)
                  008141c4    00000004     Sys_BIOs_config_pe66.oe66 (.const:xdc_runtime_Startup_execImpl__C)
                  008141c8    00000004     Sys_BIOs_config_pe66.oe66 (.const:xdc_runtime_Startup_lastFxns__A)
                  008141cc    00000004     Sys_BIOs_config_pe66.oe66 (.const:xdc_runtime_Startup_maxPasses__C)
                  008141d0    00000004     Sys_BIOs_config_pe66.oe66 (.const:xdc_runtime_Startup_sfxnRts__C)
                  008141d4    00000004     Sys_BIOs_config_pe66.oe66 (.const:xdc_runtime_Startup_sfxnTab__C)
                  008141d8    00000004     Sys_BIOs_config_pe66.oe66 (.const:xdc_runtime_SysMin_bufSize__C)
                  008141dc    00000004     Sys_BIOs_config_pe66.oe66 (.const:xdc_runtime_SysMin_outputFunc__C)
                  008141e0    00000004     Sys_BIOs_config_pe66.oe66 (.const:xdc_runtime_System_Module__gateObj__C)
                  008141e4    00000004     Sys_BIOs_config_pe66.oe66 (.const:xdc_runtime_System_extendFxn__C)
                  008141e8    00000004     Sys_BIOs_config_pe66.oe66 (.const:xdc_runtime_System_maxAtexitHandlers__C)
                  008141ec    00000004     Sys_BIOs_config_pe66.oe66 (.const:xdc_runtime_Text_charTab__C)
                  008141f0    00000004     Sys_BIOs_config_pe66.oe66 (.const:xdc_runtime_Text_nameEmpty__C)
                  008141f4    00000004     Sys_BIOs_config_pe66.oe66 (.const:xdc_runtime_Text_nameStatic__C)
                  008141f8    00000004     Sys_BIOs_config_pe66.oe66 (.const:xdc_runtime_Text_nameUnknown__C)
                  008141fc    00000004     Sys_BIOs_config_pe66.oe66 (.const:xdc_runtime_Text_nodeTab__C)
                  00814200    00000004     Sys_BIOs_config_pe66.oe66 (.const:xdc_runtime_Text_visitRopeFxn__C)
                  00814204    00000002     Sys_BIOs_config_pe66.oe66 (.const:ti_sysbios_family_c64p_Exception_enablePrint__C)
                  00814206    00000002     Sys_BIOs_config_pe66.oe66 (.const:ti_sysbios_family_c64p_Exception_useInternalBuffer__C)
                  00814208    00000002     Sys_BIOs_config_pe66.oe66 (.const:ti_sysbios_family_c64p_Hwi_Module__id__C)
                  0081420a    00000002     Sys_BIOs_config_pe66.oe66 (.const:ti_sysbios_family_c64p_Hwi_Module__loggerDefined__C)
                  0081420c    00000002     Sys_BIOs_config_pe66.oe66 (.const:ti_sysbios_gates_GateMutex_Module__id__C)
                  0081420e    00000002     Sys_BIOs_config_pe66.oe66 (.const:ti_sysbios_hal_Hwi_Module__id__C)
                  00814210    00000002     Sys_BIOs_config_pe66.oe66 (.const:ti_sysbios_heaps_HeapMem_Module__id__C)
                  00814212    00000002     Sys_BIOs_config_pe66.oe66 (.const:ti_sysbios_knl_Clock_Module__id__C)
                  00814214    00000002     Sys_BIOs_config_pe66.oe66 (.const:ti_sysbios_knl_Clock_Module__loggerDefined__C)
                  00814216    00000002     Sys_BIOs_config_pe66.oe66 (.const:ti_sysbios_knl_Semaphore_Module__id__C)
                  00814218    00000002     Sys_BIOs_config_pe66.oe66 (.const:ti_sysbios_knl_Semaphore_Module__loggerDefined__C)
                  0081421a    00000002     Sys_BIOs_config_pe66.oe66 (.const:ti_sysbios_knl_Swi_Module__id__C)
                  0081421c    00000002     Sys_BIOs_config_pe66.oe66 (.const:ti_sysbios_knl_Swi_Module__loggerDefined__C)
                  0081421e    00000002     Sys_BIOs_config_pe66.oe66 (.const:ti_sysbios_knl_Task_Module__id__C)
                  00814220    00000002     Sys_BIOs_config_pe66.oe66 (.const:ti_sysbios_knl_Task_Module__loggerDefined__C)
                  00814222    00000002     Sys_BIOs_config_pe66.oe66 (.const:ti_sysbios_knl_Task_deleteTerminatedTasks__C)
                  00814224    00000002     Sys_BIOs_config_pe66.oe66 (.const:ti_sysbios_knl_Task_initStackFlag__C)
                  00814226    00000002     Sys_BIOs_config_pe66.oe66 (.const:ti_sysbios_timers_timer64_Timer_Module__id__C)
                  00814228    00000002     Sys_BIOs_config_pe66.oe66 (.const:ti_sysbios_timers_timer64_Timer_startupNeeded__C)
                  0081422a    00000002     Sys_BIOs_config_pe66.oe66 (.const:ti_sysbios_utils_Load_Module__id__C)
                  0081422c    00000002     Sys_BIOs_config_pe66.oe66 (.const:ti_sysbios_utils_Load_Module__loggerDefined__C)
                  0081422e    00000002     Sys_BIOs_config_pe66.oe66 (.const:ti_sysbios_utils_Load_autoAddTasks__C)
                  00814230    00000002     Sys_BIOs_config_pe66.oe66 (.const:ti_sysbios_utils_Load_hwiEnabled__C)
                  00814232    00000002     Sys_BIOs_config_pe66.oe66 (.const:ti_sysbios_utils_Load_swiEnabled__C)
                  00814234    00000002     Sys_BIOs_config_pe66.oe66 (.const:ti_sysbios_utils_Load_taskEnabled__C)
                  00814236    00000002     Sys_BIOs_config_pe66.oe66 (.const:ti_sysbios_utils_Load_updateInIdle__C)
                  00814238    00000002     Sys_BIOs_config_pe66.oe66 (.const:ti_uia_runtime_LoggerProbePoint_Module__id__C)
                  0081423a    00000002     Sys_BIOs_config_pe66.oe66 (.const:ti_uia_runtime_LoggerProbePoint_filterByLevel__C)
                  0081423c    00000002     Sys_BIOs_config_pe66.oe66 (.const:ti_uia_runtime_LoggerProbePoint_isTimestampEnabled__C)
                  0081423e    00000002     Sys_BIOs_config_pe66.oe66 (.const:ti_uia_runtime_LoggerStopMode_Module__id__C)
                  00814240    00000002     Sys_BIOs_config_pe66.oe66 (.const:ti_uia_runtime_LoggerStopMode_filterByLevel__C)
                  00814242    00000002     Sys_BIOs_config_pe66.oe66 (.const:ti_uia_runtime_LoggerStopMode_isTimestampEnabled__C)
                  00814244    00000002     Sys_BIOs_config_pe66.oe66 (.const:xdc_runtime_Core_Module__id__C)
                  00814246    00000002     Sys_BIOs_config_pe66.oe66 (.const:xdc_runtime_Error_Module__loggerDefined__C)
                  00814248    00000002     Sys_BIOs_config_pe66.oe66 (.const:xdc_runtime_Error_maxDepth__C)
                  0081424a    00000002     Sys_BIOs_config_pe66.oe66 (.const:xdc_runtime_LoggerBuf_Module__id__C)
                  0081424c    00000002     Sys_BIOs_config_pe66.oe66 (.const:xdc_runtime_LoggerBuf_filterByLevel__C)
                  0081424e    00000002     Sys_BIOs_config_pe66.oe66 (.const:xdc_runtime_Memory_Module__id__C)
                  00814250    00000002     Sys_BIOs_config_pe66.oe66 (.const:xdc_runtime_SysMin_flushAtExit__C)
                  00814252    00000002     Sys_BIOs_config_pe66.oe66 (.const:xdc_runtime_Text_charCnt__C)
                  00814254    00000002     Sys_BIOs_config_pe66.oe66 (.const:xdc_runtime_Text_isLoaded__C)
                  00814256    00000002     Sys_BIOs_config_pe66.oe66 (.const:xdc_runtime_Text_registryModsLastId__C)
                  00814258    00000002     Sys_BIOs_config_pe66.oe66 (.const:xdc_runtime_Text_unnamedModsLastId__C)

.far       0    00814260    00003638     UNINITIALIZED
                  00814260    00002610     Sys_BIOs_config_pe66.oe66 (.far)
                  00816870    00001000     Sys_BIOs_config_pe66.oe66 (.far:taskStackSection)
                  00817870    00000020     util.obj (.far)
                  00817890    00000008     rts6600_elf.lib : trgdrv.obj (.far)

.stack     0    00817898    00001000     UNINITIALIZED
                  00817898    00000008     boot.ae66 : boot.oe66 (.stack)
                  008178a0    00000ff8     --HOLE--

.fardata   0    00818898    00000ab4     
                  00818898    000002e0     Sys_BIOs_config_pe66.oe66 (.fardata)
                  00818b78    00000180     Sys_BIOs_config_pe66.oe66 (.fardata:ti_sysbios_timers_timer64_Timer_Module_State_0_device__A)
                  00818cf8    00000114     Sys_BIOs_config_pe66.oe66 (.fardata:ti_uia_runtime_LoggerProbePoint_Object__table__V)
                  00818e0c    00000004     rts6600_elf.lib : dtor_list.obj (.fardata)
                  00818e10    000000a0     Sys_BIOs_config_pe66.oe66 (.fardata:ti_sysbios_knl_Task_Object__table__V)
                  00818eb0    00000080     Sys_BIOs_config_pe66.oe66 (.fardata:ti_sysbios_knl_Swi_Module_State_0_readyQ__A)
                  00818f30    00000080     Sys_BIOs_config_pe66.oe66 (.fardata:ti_sysbios_knl_Task_Module_State_0_readyQ__A)
                  00818fb0    00000080     Sys_BIOs_config_pe66.oe66 (.fardata:ti_sysbios_timers_timer64_Timer_Module_State_0_gctrl__A)
                  00819030    00000080     Sys_BIOs_config_pe66.oe66 (.fardata:ti_sysbios_timers_timer64_Timer_Module_State_0_handles__A)
                  008190b0    00000080     Sys_BIOs_config_pe66.oe66 (.fardata:ti_sysbios_timers_timer64_Timer_Module_State_0_intFreqs__A)
                  00819130    0000005c     Sys_BIOs_config_pe66.oe66 (.fardata:ti_uia_runtime_LoggerStopMode_Object__table__V)
                  0081918c    00000004     --HOLE--
                  00819190    0000004c     Sys_BIOs_config_pe66.oe66 (.fardata:ti_sysbios_timers_timer64_Timer_Object__table__V)
                  008191dc    00000004     --HOLE--
                  008191e0    00000040     rts6600_elf.lib : sin.obj (.fardata:R$1)
                  00819220    00000040     Sys_BIOs_config_pe66.oe66 (.fardata:ti_sysbios_gates_GateMutex_Object__table__V)
                  00819260    00000030     Sys_BIOs_config_pe66.oe66 (.fardata:ti_sysbios_knl_Swi_Object__table__V)
                  00819290    00000024     Sys_BIOs_config_pe66.oe66 (.fardata:xdc_runtime_LoggerBuf_Object__table__V)
                  008192b4    00000004     --HOLE--
                  008192b8    00000018     Sys_BIOs_config_pe66.oe66 (.fardata:ti_sysbios_family_c64p_Hwi_Object__table__V)
                  008192d0    00000018     Sys_BIOs_config_pe66.oe66 (.fardata:ti_sysbios_heaps_HeapMem_Object__table__V)
                  008192e8    00000010     util.obj (.fardata:coef)
                  008192f8    00000010     Sys_BIOs_config_pe66.oe66 (.fardata:xdc_runtime_System_Module_State_0_atexitHandlers__A)
                  00819308    0000000c     rts6600_elf.lib : exit.obj (.fardata)
                  00819314    00000008                     : _lock.obj (.fardata)
                  0081931c    00000004     --HOLE--
                  00819320    00000008     Sys_BIOs_config_pe66.oe66 (.fardata:ti_sysbios_hal_Hwi_Object__table__V)
                  00819328    00000008     Sys_BIOs_config_pe66.oe66 (.fardata:ti_sysbios_hal_Timer_Object__table__V)
                  00819330    00000004     Sys_BIOs_config_pe66.oe66 (.fardata:ti_sysbios_gates_GateHwi_Object__table__V)
                  00819334    00000004     --HOLE--
                  00819338    00000004     Sys_BIOs_config_pe66.oe66 (.fardata:ti_sysbios_knl_Task_Module_State_0_idleTask__A)
                  0081933c    00000004     --HOLE--
                  00819340    00000004     Sys_BIOs_config_pe66.oe66 (.fardata:ti_sysbios_utils_Load_Module_State_0_runningTask__A)
                  00819344    00000004     --HOLE--
                  00819348    00000004     Sys_BIOs_config_pe66.oe66 (.fardata:ti_sysbios_utils_Load_Module_State_0_taskStartTime__A)

.bss       0    0081934c    00000026     UNINITIALIZED
                  0081934c    00000020     util.obj (.bss)
                  0081936c    00000006     main_gtz.obj (.bss)

.neardata 
*          0    00819374    00000014     
                  00819374    0000000c     main_gtz.obj (.neardata)
                  00819380    00000008     ti.uia.runtime.ae66 : QueueDescriptor.oe66 (.neardata)

.rodata    0    00819388    00000000     UNINITIALIZED

.vecs      0    00819400    00000200     
                  00819400    00000200     Sys_BIOs_config_pe66.oe66 (.vecs)

.cio       0    00819600    00000120     UNINITIALIZED
                  00819600    00000120     rts6600_elf.lib : trgmsg.obj (.cio)

.cinit     0    00819720    000007e4     
                  00819720    0000079b     (.cinit..fardata.load) [load image, compression = rle]
                  00819ebb    00000001     --HOLE-- [fill = 0]
                  00819ebc    0000000c     (__TI_handler_table)
                  00819ec8    00000009     (.cinit..neardata.load) [load image, compression = rle]
                  00819ed1    00000003     --HOLE-- [fill = 0]
                  00819ed4    00000008     (.cinit..bss.load) [load image, compression = zero_init]
                  00819edc    00000008     (.cinit..far.load) [load image, compression = zero_init]
                  00819ee4    00000020     (__TI_cinit_table)


LINKER GENERATED COPY TABLES

__TI_cinit_table @ 00819ee4 records: 4, size/record: 8, table size: 32
	.fardata: load addr=00819720, load size=0000079b bytes, run addr=00818898, run size=00000ab4 bytes, compression=rle
	.neardata: load addr=00819ec8, load size=00000009 bytes, run addr=00819374, run size=00000014 bytes, compression=rle
	.bss: load addr=00819ed4, load size=00000008 bytes, run addr=0081934c, run size=00000026 bytes, compression=zero_init
	.far: load addr=00819edc, load size=00000008 bytes, run addr=00814260, run size=00003638 bytes, compression=zero_init


LINKER GENERATED HANDLER TABLE

__TI_handler_table @ 00819ebc records: 3, size/record: 4, table size: 12
	index: 0, handler: __TI_zero_init
	index: 1, handler: __TI_decompress_rle24
	index: 2, handler: __TI_decompress_none


GLOBAL SYMBOLS: SORTED ALPHABETICALLY BY Name 

address    name
--------   ----
00810100   C$$EXIT
0080f1f8   C$$IO$$
0080c120   HOSTwrite
00818e60   TSK_idle
00806874   UIAPROBE_WRITE0
00806aac   UIAPROBE_WRITE1
00806cf4   UIAPROBE_WRITE2
00805a8c   UIAPROBE_WRITE4
00804128   UIAPROBE_WRITE8
00805d08   UIAPROBE_WRITEMEMORYRANGE
00800000   __ASM__
00819600   __CIOBUF_
00800078   __ISA__
00800090   __PLAT__
008000b8   __TARG__
00819ee4   __TI_CINIT_Base
00819f04   __TI_CINIT_Limit
[...]
00810a80   xdc_runtime_Memory_HeapProxy_alloc__E
00810aa0   xdc_runtime_Memory_HeapProxy_free__E
00810ac0   xdc_runtime_Startup_exec__I
00810ae0   xdc_runtime_Startup_reset__I
00810b00   xdc_runtime_SysMin_ready__E
00810b00   xdc_runtime_SysMin_ready__F
00810b00   xdc_runtime_System_SupportProxy_ready__E
00810b20   xdc_runtime_System_Module_GateProxy_enter__E
00810b40   xdc_runtime_System_Module_GateProxy_leave__E
00810b60   xdc_runtime_System_Module_startup__E
00810b60   xdc_runtime_System_Module_startup__F
00810b80   xdc_runtime_System_exit__E
00810b80   xdc_runtime_System_exit__F
00810ba0   xdc_runtime_System_lastFxn__I
00810bc0   xdc_runtime_System_snprintf_va__E
00810bc0   xdc_runtime_System_snprintf_va__F
00810bc0   xdc_runtime_System_vsnprintf__E
00810bc0   xdc_runtime_System_vsnprintf__F
00810be0   xdc_runtime_Text_visitRope__I
00810c00   xdc_runtime_Timestamp_Module__startupDone__S
00810c20   xdc_runtime_Text_charTab__A
0081344e   ti_sysbios_BIOS_Module__id__C
00813450   ti_sysbios_family_c66_Cache_marvalues__C
00813850   xdc_runtime_Text_nodeTab__A
00813978   ti_uia_runtime_LoggerProbePoint_Module__FXNS__C
008139d8   ti_uia_runtime_LoggerStopMode_Module__FXNS__C
00813ad8   xdc_runtime_Startup_sfxnTab__A
00813b5c   xdc_runtime_LoggerBuf_Module__FXNS__C
00813b98   ti_uia_runtime_LoggerProbePoint_Object__PARAMS__C
00813bcc   ti_uia_runtime_LoggerStopMode_Object__PARAMS__C
00813c00   ti_sysbios_knl_Task_hooks__A
00813c5c   ti_sysbios_heaps_HeapMem_Module__FXNS__C
00813c84   xdc_runtime_LoggerBuf_Object__PARAMS__C
00813cac   ti_sysbios_gates_GateHwi_Module__FXNS__C
00813cd0   ti_sysbios_gates_GateMutex_Module__FXNS__C
00813cf4   ti_sysbios_heaps_HeapMem_Object__PARAMS__C
00813d18   ti_sysbios_knl_Clock_Object__PARAMS__C
00813d3c   ti_sysbios_knl_Semaphore_Object__PARAMS__C
00813d60   xdc_runtime_Startup_sfxnRts__A
00813d82   ti_sysbios_family_c64p_Exception_Module__id__C
00813d84   ti_sysbios_gates_GateHwi_Object__DESC__C
00813da4   ti_sysbios_gates_GateMutex_Object__DESC__C
00813dc4   ti_sysbios_heaps_HeapMem_Object__DESC__C
00813de4   ti_sysbios_knl_Clock_Object__DESC__C
00813e04   ti_sysbios_knl_Queue_Object__DESC__C
00813e24   ti_sysbios_knl_Semaphore_Object__DESC__C
00813e44   ti_uia_runtime_LoggerProbePoint_Object__DESC__C
00813e64   ti_uia_runtime_LoggerStopMode_Object__DESC__C
00813e84   xdc_runtime_LoggerBuf_Object__DESC__C
00813ea4   ti_sysbios_gates_GateHwi_Object__PARAMS__C
00813ebc   ti_sysbios_gates_GateMutex_Object__PARAMS__C
00813ed4   ti_sysbios_knl_Queue_Object__PARAMS__C
00813f12   ti_sysbios_family_c64p_Exception_enableExternalMPC__C
00813f14   ti_sysbios_family_c66_Cache_initSize__C
00813f28   ti_sysbios_knl_Idle_coreList__A
00813f30   ti_sysbios_knl_Idle_coreList__C
00813f38   ti_sysbios_knl_Idle_funcList__A
00813f40   ti_sysbios_knl_Idle_funcList__C
00813f48   ti_sysbios_knl_Task_hooks__C
00813f50   xdc_runtime_Startup_firstFxns__A
00813f58   xdc_runtime_Startup_firstFxns__C
00813f60   xdc_runtime_Startup_lastFxns__C
00813f6c   ti_sysbios_BIOS_Module__diagsEnabled__C
00813f70   ti_sysbios_BIOS_Module__diagsIncluded__C
00813f74   ti_sysbios_BIOS_Module__diagsMask__C
00813f78   ti_sysbios_BIOS_installedErrorHook__C
00813f7c   ti_sysbios_family_c64p_Exception_E_exceptionMax__C
00813f80   ti_sysbios_family_c64p_Exception_E_exceptionMin__C
00813f84   ti_sysbios_family_c64p_Exception_exceptionHook__C
00813f88   ti_sysbios_family_c64p_Exception_externalHook__C
00813f8c   ti_sysbios_family_c64p_Exception_internalHook__C
00813f90   ti_sysbios_family_c64p_Exception_nmiHook__C
00813f94   ti_sysbios_family_c64p_Hwi_LD_end__C
00813f98   ti_sysbios_family_c64p_Hwi_LM_begin__C
00813f9c   ti_sysbios_family_c64p_Hwi_Module__diagsEnabled__C
00813fa0   ti_sysbios_family_c64p_Hwi_Module__diagsIncluded__C
00813fa4   ti_sysbios_family_c64p_Hwi_Module__diagsMask__C
00813fa8   ti_sysbios_family_c64p_Hwi_Module__loggerFxn1__C
00813fac   ti_sysbios_family_c64p_Hwi_Module__loggerFxn8__C
00813fb0   ti_sysbios_family_c64p_Hwi_Module__loggerObj__C
00813fb4   ti_sysbios_gates_GateMutex_A_badContext__C
00813fb8   ti_sysbios_gates_GateMutex_Instance_State_sem__O
00813fbc   ti_sysbios_gates_GateMutex_Module__diagsEnabled__C
00813fc0   ti_sysbios_gates_GateMutex_Module__diagsIncluded__C
00813fc4   ti_sysbios_gates_GateMutex_Module__diagsMask__C
00813fc8   ti_sysbios_hal_Hwi_E_stackOverflow__C
00813fcc   ti_sysbios_heaps_HeapMem_A_align__C
00813fd0   ti_sysbios_heaps_HeapMem_A_heapSize__C
00813fd4   ti_sysbios_heaps_HeapMem_A_invalidFree__C
00813fd8   ti_sysbios_heaps_HeapMem_A_zeroBlock__C
00813fdc   ti_sysbios_heaps_HeapMem_E_memory__C
00813fe0   ti_sysbios_heaps_HeapMem_Module__diagsEnabled__C
00813fe4   ti_sysbios_heaps_HeapMem_Module__diagsIncluded__C
00813fe8   ti_sysbios_heaps_HeapMem_Module__diagsMask__C
00813fec   ti_sysbios_heaps_HeapMem_Module__gateObj__C
00813ff0   ti_sysbios_heaps_HeapMem_Object__count__C
00813ff4   ti_sysbios_heaps_HeapMem_reqAlign__C
00813ff8   ti_sysbios_knl_Clock_A_badThreadType__C
00813ffc   ti_sysbios_knl_Clock_LM_begin__C
00814000   ti_sysbios_knl_Clock_LM_tick__C
00814004   ti_sysbios_knl_Clock_LW_delayed__C
00814008   ti_sysbios_knl_Clock_Module_State_clockQ__O
0081400c   ti_sysbios_knl_Clock_Module__diagsEnabled__C
00814010   ti_sysbios_knl_Clock_Module__diagsIncluded__C
00814014   ti_sysbios_knl_Clock_Module__diagsMask__C
00814018   ti_sysbios_knl_Clock_Module__loggerFxn1__C
0081401c   ti_sysbios_knl_Clock_Module__loggerFxn2__C
00814020   ti_sysbios_knl_Clock_Module__loggerObj__C
00814024   ti_sysbios_knl_Clock_tickMode__C
00814028   ti_sysbios_knl_Clock_tickSource__C
0081402c   ti_sysbios_knl_Semaphore_A_badContext__C
00814030   ti_sysbios_knl_Semaphore_A_noEvents__C
00814034   ti_sysbios_knl_Semaphore_A_overflow__C
00814038   ti_sysbios_knl_Semaphore_A_pendTaskDisabled__C
0081403c   ti_sysbios_knl_Semaphore_Instance_State_pendQ__O
00814040   ti_sysbios_knl_Semaphore_LM_pend__C
00814044   ti_sysbios_knl_Semaphore_LM_post__C
00814048   ti_sysbios_knl_Semaphore_Module__diagsEnabled__C
0081404c   ti_sysbios_knl_Semaphore_Module__diagsIncluded__C
00814050   ti_sysbios_knl_Semaphore_Module__diagsMask__C
00814054   ti_sysbios_knl_Semaphore_Module__loggerFxn2__C
00814058   ti_sysbios_knl_Semaphore_Module__loggerFxn4__C
0081405c   ti_sysbios_knl_Semaphore_Module__loggerObj__C
00814060   ti_sysbios_knl_Swi_LD_end__C
00814064   ti_sysbios_knl_Swi_LM_begin__C
00814068   ti_sysbios_knl_Swi_LM_post__C
0081406c   ti_sysbios_knl_Swi_Module__diagsEnabled__C
00814070   ti_sysbios_knl_Swi_Module__diagsIncluded__C
00814074   ti_sysbios_knl_Swi_Module__diagsMask__C
00814078   ti_sysbios_knl_Swi_Module__loggerFxn1__C
0081407c   ti_sysbios_knl_Swi_Module__loggerFxn4__C
00814080   ti_sysbios_knl_Swi_Module__loggerObj__C
00814084   ti_sysbios_knl_Swi_Object__count__C
00814088   ti_sysbios_knl_Task_A_badTimeout__C
0081408c   ti_sysbios_knl_Task_A_sleepTaskDisabled__C
00814090   ti_sysbios_knl_Task_E_spOutOfBounds__C
00814094   ti_sysbios_knl_Task_E_stackOverflow__C
00814098   ti_sysbios_knl_Task_LD_block__C
0081409c   ti_sysbios_knl_Task_LD_exit__C
008140a0   ti_sysbios_knl_Task_LD_ready__C
008140a4   ti_sysbios_knl_Task_LM_sleep__C
008140a8   ti_sysbios_knl_Task_LM_switch__C
008140ac   ti_sysbios_knl_Task_Module_State_inactiveQ__O
008140b0   ti_sysbios_knl_Task_Module_State_terminatedQ__O
008140b4   ti_sysbios_knl_Task_Module__diagsEnabled__C
008140b8   ti_sysbios_knl_Task_Module__diagsIncluded__C
008140bc   ti_sysbios_knl_Task_Module__diagsMask__C
008140c0   ti_sysbios_knl_Task_Module__loggerFxn2__C
008140c4   ti_sysbios_knl_Task_Module__loggerFxn4__C
008140c8   ti_sysbios_knl_Task_Module__loggerObj__C
008140cc   ti_sysbios_knl_Task_Object__count__C
008140d0   ti_sysbios_knl_Task_Object__heap__C
008140d4   ti_sysbios_knl_Task_allBlockedFunc__C
008140d8   ti_sysbios_knl_Task_numConstructedTasks__C
008140dc   ti_sysbios_timers_timer64_Timer_A_notAvailable__C
008140e0   ti_sysbios_timers_timer64_Timer_E_cannotSupport__C
008140e4   ti_sysbios_timers_timer64_Timer_Module__diagsEnabled__C
008140e8   ti_sysbios_timers_timer64_Timer_Module__diagsIncluded__C
008140ec   ti_sysbios_timers_timer64_Timer_Module__diagsMask__C
008140f0   ti_sysbios_timers_timer64_Timer_anyMask__C
008140f4   ti_sysbios_timers_timer64_Timer_freqDivisor__C
008140f8   ti_sysbios_timers_timer64_Timer_numLocalTimers__C
008140fc   ti_sysbios_timers_timer64_Timer_numTimerDevices__C
00814100   ti_sysbios_utils_Load_LS_cpuLoad__C
00814104   ti_sysbios_utils_Load_LS_hwiLoad__C
00814108   ti_sysbios_utils_Load_LS_swiLoad__C
0081410c   ti_sysbios_utils_Load_LS_taskLoad__C
00814110   ti_sysbios_utils_Load_Module_State_taskList__O
00814114   ti_sysbios_utils_Load_Module__diagsEnabled__C
00814118   ti_sysbios_utils_Load_Module__diagsIncluded__C
0081411c   ti_sysbios_utils_Load_Module__diagsMask__C
00814120   ti_sysbios_utils_Load_Module__loggerFxn1__C
00814124   ti_sysbios_utils_Load_Module__loggerFxn2__C
00814128   ti_sysbios_utils_Load_Module__loggerFxn4__C
0081412c   ti_sysbios_utils_Load_Module__loggerObj__C
00814130   ti_sysbios_utils_Load_postUpdate__C
00814134   ti_sysbios_utils_Load_windowInMs__C
00814138   ti_uia_family_c66_TimestampC66XGlobal_timerBaseAdrs__C
0081413c   ti_uia_runtime_ILoggerSnapshot_Interface__BASE__C
00814140   ti_uia_runtime_IUIATransfer_Interface__BASE__C
00814144   ti_uia_runtime_LoggerProbePoint_E_badLevel__C
00814148   ti_uia_runtime_LoggerProbePoint_Object__count__C
0081414c   ti_uia_runtime_LoggerProbePoint_overflowLogger__C
00814150   ti_uia_runtime_LoggerProbePoint_statusLogger__C
00814154   ti_uia_runtime_LoggerStopMode_E_badLevel__C
00814158   ti_uia_runtime_LoggerStopMode_Object__count__C
0081415c   ti_uia_runtime_LoggerStopMode_overflowLogger__C
00814160   ti_uia_runtime_LoggerStopMode_statusLogger__C
00814164   xdc_runtime_Assert_E_assertFailed__C
00814168   xdc_runtime_Core_A_initializedParams__C
0081416c   xdc_runtime_Core_Module__diagsEnabled__C
00814170   xdc_runtime_Core_Module__diagsIncluded__C
00814174   xdc_runtime_Core_Module__diagsMask__C
00814178   xdc_runtime_Error_E_memory__C
0081417c   xdc_runtime_Error_Module__diagsEnabled__C
00814180   xdc_runtime_Error_Module__diagsIncluded__C
00814184   xdc_runtime_Error_Module__diagsMask__C
00814188   xdc_runtime_Error_Module__loggerFxn8__C
0081418c   xdc_runtime_Error_Module__loggerObj__C
00814190   xdc_runtime_Error_policy__C
00814194   xdc_runtime_Error_raiseHook__C
00814198   xdc_runtime_IFilterLogger_Interface__BASE__C
0081419c   xdc_runtime_IGateProvider_Interface__BASE__C
008141a0   xdc_runtime_IHeap_Interface__BASE__C
008141a4   xdc_runtime_ILogger_Interface__BASE__C
008141a8   xdc_runtime_IModule_Interface__BASE__C
008141ac   xdc_runtime_Log_L_error__C
008141b0   xdc_runtime_LoggerBuf_E_badLevel__C
008141b4   xdc_runtime_LoggerBuf_Module__gateObj__C
008141b8   xdc_runtime_LoggerBuf_Object__count__C
008141bc   xdc_runtime_LoggerBuf_statusLogger__C
008141c0   xdc_runtime_Memory_defaultHeapInstance__C
008141c4   xdc_runtime_Startup_execImpl__C
008141c8   xdc_runtime_Startup_lastFxns__A
008141cc   xdc_runtime_Startup_maxPasses__C
008141d0   xdc_runtime_Startup_sfxnRts__C
008141d4   xdc_runtime_Startup_sfxnTab__C
008141d8   xdc_runtime_SysMin_bufSize__C
008141dc   xdc_runtime_SysMin_outputFunc__C
008141e0   xdc_runtime_System_Module__gateObj__C
008141e4   xdc_runtime_System_extendFxn__C
008141e8   xdc_runtime_System_maxAtexitHandlers__C
008141ec   xdc_runtime_Text_charTab__C
008141f0   xdc_runtime_Text_nameEmpty__C
008141f4   xdc_runtime_Text_nameStatic__C
008141f8   xdc_runtime_Text_nameUnknown__C
008141fc   xdc_runtime_Text_nodeTab__C
00814200   xdc_runtime_Text_visitRopeFxn__C
00814204   ti_sysbios_family_c64p_Exception_enablePrint__C
00814206   ti_sysbios_family_c64p_Exception_useInternalBuffer__C
00814208   ti_sysbios_family_c64p_Hwi_Module__id__C
0081420a   ti_sysbios_family_c64p_Hwi_Module__loggerDefined__C
0081420c   ti_sysbios_gates_GateMutex_Module__id__C
0081420e   ti_sysbios_hal_Hwi_Module__id__C
00814210   ti_sysbios_heaps_HeapMem_Module__id__C
00814212   ti_sysbios_knl_Clock_Module__id__C
00814214   ti_sysbios_knl_Clock_Module__loggerDefined__C
00814216   ti_sysbios_knl_Semaphore_Module__id__C
00814218   ti_sysbios_knl_Semaphore_Module__loggerDefined__C
0081421a   ti_sysbios_knl_Swi_Module__id__C
0081421c   ti_sysbios_knl_Swi_Module__loggerDefined__C
0081421e   ti_sysbios_knl_Task_Module__id__C
00814220   ti_sysbios_knl_Task_Module__loggerDefined__C
00814222   ti_sysbios_knl_Task_deleteTerminatedTasks__C
00814224   ti_sysbios_knl_Task_initStackFlag__C
00814226   ti_sysbios_timers_timer64_Timer_Module__id__C
00814228   ti_sysbios_timers_timer64_Timer_startupNeeded__C
0081422a   ti_sysbios_utils_Load_Module__id__C
0081422c   ti_sysbios_utils_Load_Module__loggerDefined__C
0081422e   ti_sysbios_utils_Load_autoAddTasks__C
00814230   ti_sysbios_utils_Load_hwiEnabled__C
00814232   ti_sysbios_utils_Load_swiEnabled__C
00814234   ti_sysbios_utils_Load_taskEnabled__C
00814236   ti_sysbios_utils_Load_updateInIdle__C
00814238   ti_uia_runtime_LoggerProbePoint_Module__id__C
0081423a   ti_uia_runtime_LoggerProbePoint_filterByLevel__C
0081423c   ti_uia_runtime_LoggerProbePoint_isTimestampEnabled__C
0081423e   ti_uia_runtime_LoggerStopMode_Module__id__C
00814240   ti_uia_runtime_LoggerStopMode_filterByLevel__C
00814242   ti_uia_runtime_LoggerStopMode_isTimestampEnabled__C
00814244   xdc_runtime_Core_Module__id__C
00814246   xdc_runtime_Error_Module__loggerDefined__C
00814248   xdc_runtime_Error_maxDepth__C
0081424a   xdc_runtime_LoggerBuf_Module__id__C
0081424c   xdc_runtime_LoggerBuf_filterByLevel__C
0081424e   xdc_runtime_Memory_Module__id__C
00814250   xdc_runtime_SysMin_flushAtExit__C
00814252   xdc_runtime_Text_charCnt__C
00814254   xdc_runtime_Text_isLoaded__C
00814256   xdc_runtime_Text_registryModsLastId__C
00814258   xdc_runtime_Text_unnamedModsLastId__C
00814260   ti_sysbios_heaps_HeapMem_Instance_State_0_buf__A
00815260   ti_sysbios_knl_Task_Instance_State_0_hookEnv__A
00815268   ti_sysbios_knl_Task_Instance_State_1_hookEnv__A
00815270   ti_uia_runtime_LoggerProbePoint_Instance_State_0_bufferArray__A
008154f0   ti_uia_runtime_LoggerProbePoint_Instance_State_1_bufferArray__A
00815970   ti_uia_runtime_LoggerProbePoint_Instance_State_2_bufferArray__A
00815df0   ti_uia_runtime_LoggerStopMode_Instance_State_0_bufferArray__A
00816070   xdc_runtime_LoggerBuf_Instance_State_0_entryArr__A
00816470   xdc_runtime_SysMin_Module_State_0_outbuf__A
00816870   ti_sysbios_knl_Task_Instance_State_0_stack__A
00817070   ti_sysbios_knl_Task_Instance_State_1_stack__A
00817870   gtz_out
00817898   _stack
00818898   __TI_STACK_END
00818898   ti_sysbios_BIOS_Module__state__V
008188b8   ti_sysbios_family_c64p_Exception_Module__state__V
008188e8   ti_sysbios_family_c64p_Hwi_Module__root__V
008188f0   ti_sysbios_family_c64p_Hwi_Module__state__V
00818958   ti_sysbios_gates_GateHwi_Module__root__V
00818960   ti_sysbios_gates_GateMutex_Module__root__V
00818968   ti_sysbios_hal_Hwi_Module__root__V
00818970   ti_sysbios_hal_Timer_Module__root__V
00818978   ti_sysbios_heaps_HeapMem_Module__root__V
00818980   ti_sysbios_knl_Clock_Module__root__V
00818988   ti_sysbios_knl_Clock_Module__state__V
008189b0   ti_sysbios_knl_Event_Module__root__V
008189bc   ti_sysbios_knl_Queue_Module__root__V
008189c4   ti_sysbios_knl_Semaphore_Module__root__V
008189d0   ti_sysbios_knl_Swi_Module__root__V
008189dc   ti_sysbios_knl_Swi_Module__state__V
008189f8   ti_sysbios_knl_Task_Module__root__V
00818a04   ti_sysbios_knl_Task_Module__state__V
00818a48   ti_sysbios_timers_timer64_Timer_Module__root__V
00818a50   ti_sysbios_timers_timer64_Timer_Module__state__V
00818a64   ti_sysbios_utils_Load_Module__root__V
00818a68   ti_sysbios_utils_Load_Module__state__V
00818ae4   ti_uia_family_c66_TimestampC66XGlobal_Module__root__V
00818aec   ti_uia_runtime_LogSync_Module__root__V
00818af4   ti_uia_runtime_LogSync_Module__state__V
00818b00   ti_uia_runtime_LoggerProbePoint_Module__root__V
00818b08   ti_uia_runtime_LoggerProbePoint_Module__state__V
00818b10   ti_uia_runtime_LoggerStopMode_Module__root__V
00818b18   ti_uia_runtime_LoggerStopMode_Module__state__V
00818b20   ti_uia_runtime_QueueDescriptor_Module__state__V
00818b2c   xdc_runtime_Error_Module__state__V
00818b30   xdc_runtime_LoggerBuf_Module__root__V
00818b38   xdc_runtime_LoggerBuf_Module__state__V
00818b3e   xdc_runtime_Main_Module__root__V
00818b40   xdc_runtime_Memory_Module__state__V
00818b44   xdc_runtime_Registry_Module__state__V
00818b4c   xdc_runtime_Startup_Module__state__V
00818b54   xdc_runtime_SysMin_Module__state__V
00818b60   xdc_runtime_System_Module__state__V
00818b6c   xdc_runtime_Text_Module__state__V
00818b74   __xdc__init__addr
00818b78   ti_sysbios_timers_timer64_Timer_Module_State_0_device__A
00818cf8   ti_uia_runtime_LoggerProbePoint_Object__table__V
00818e10   ti_sysbios_knl_Task_Object__table__V
00818e60   TSK_idle
00818eb0   ti_sysbios_knl_Swi_Module_State_0_readyQ__A
00818f30   ti_sysbios_knl_Task_Module_State_0_readyQ__A
00818fb0   ti_sysbios_timers_timer64_Timer_Module_State_0_gctrl__A
00819030   ti_sysbios_timers_timer64_Timer_Module_State_0_handles__A
008190b0   ti_sysbios_timers_timer64_Timer_Module_State_0_intFreqs__A
00819130   ti_uia_runtime_LoggerStopMode_Object__table__V
00819190   ti_sysbios_timers_timer64_Timer_Object__table__V
00819220   ti_sysbios_gates_GateMutex_Object__table__V
00819260   ti_sysbios_knl_Swi_Object__table__V
00819290   xdc_runtime_LoggerBuf_Object__table__V
008192b8   ti_sysbios_family_c64p_Hwi_Object__table__V
008192d0   ti_sysbios_heaps_HeapMem_Object__table__V
008192e8   coef
008192f8   xdc_runtime_System_Module_State_0_atexitHandlers__A
00819308   _cleanup_ptr
0081930c   _dtors_ptr
00819310   __TI_enable_exit_profile_output
00819314   _lock
00819318   _unlock
00819320   ti_sysbios_hal_Hwi_Object__table__V
00819328   ti_sysbios_hal_Timer_Object__table__V
00819330   ti_sysbios_gates_GateHwi_Object__table__V
00819338   ti_sysbios_knl_Task_Module_State_0_idleTask__A
00819340   ti_sysbios_utils_Load_Module_State_0_runningTask__A
00819348   ti_sysbios_utils_Load_Module_State_0_taskStartTime__A
0081934c   __TI_STATIC_BASE
0081934c   time1
00819350   time2
00819354   digit
00819358   freq1
0081935c   freq2
00819360   mag1
00819364   mag2
00819368   sample
00819380   ti_uia_runtime_QueueDescriptor_gPtrToFirstDescriptor
00819384   ti_uia_runtime_QueueDescriptor_gUpdateCount
00819400   ti_sysbios_family_c64p_Hwi0
00819400   ti_sysbios_family_c64p_Hwi_int0
00819420   ti_sysbios_family_c64p_Hwi_int1
00819440   ti_sysbios_family_c64p_Hwi_int2
00819460   ti_sysbios_family_c64p_Hwi_int3
00819480   ti_sysbios_family_c64p_Hwi_int4
008194a0   ti_sysbios_family_c64p_Hwi_int5
008194c0   ti_sysbios_family_c64p_Hwi_int6
008194e0   ti_sysbios_family_c64p_Hwi_int7
00819500   ti_sysbios_family_c64p_Hwi_int8
00819520   ti_sysbios_family_c64p_Hwi_int9
00819540   ti_sysbios_family_c64p_Hwi_int10
00819560   ti_sysbios_family_c64p_Hwi_int11
00819580   ti_sysbios_family_c64p_Hwi_int12
008195a0   ti_sysbios_family_c64p_Hwi_int13
008195c0   ti_sysbios_family_c64p_Hwi_int14
008195e0   ti_sysbios_family_c64p_Hwi_int15
00819600   __CIOBUF_
00819ebc   __TI_Handler_Table_Base
00819ec8   __TI_Handler_Table_Limit
00819ee4   __TI_CINIT_Base
00819f04   __TI_CINIT_Limit
ffffffff   __TI_pprof_out_hndl
ffffffff   __TI_prof_data_size
ffffffff   __TI_prof_data_start
ffffffff   __binit__
ffffffff   __c_args__
ffffffff   binit
UNDEFED    __TI_INITARRAY_Base
UNDEFED    __TI_INITARRAY_Limit

[841 symbols]
